26-07-21 13:58:24.860 [main] INFO  MAIL_SYNC_LOGGER - MailSyncService initialized with EmailRepository.
26-07-21 13:58:27.128 [scheduling-1] INFO  MAIL_SYNC_LOGGER - =============================Starting mail sync task...===================================
26-07-21 13:58:27.128 [scheduling-1] INFO  MAIL_SYNC_LOGGER - Syncing emails for account: gunnitttt@gmail.com
26-07-21 13:58:27.166 [scheduling-1] INFO  MAIL_SYNC_LOGGER - Attempting standard authentication connection for user: gunnitttt@gmail.com
26-07-21 13:58:28.859 [scheduling-1] INFO  MAIL_SYNC_LOGGER - Successfully established connection to corporate mail store.
26-07-21 13:58:29.440 [scheduling-1] INFO  MAIL_SYNC_LOGGER - [gunnitttt@gmail.com] Folder 'INBOX' opened. Total messages: 1
26-07-21 13:58:29.850 [scheduling-1] INFO  MAIL_SYNC_LOGGER - [gunnitttt@gmail.com] Processing new email. ID: <20260720142024.1.b'8EAF021582428399'@emails.whop.com> | Subject: 📢 Announcement: New Analytics Video Requirements
26-07-21 13:58:30.510 [scheduling-1] INFO  MAIL_SYNC_LOGGER - [New Thread] No parent found. Generated new Contact ID: 3510510
26-07-21 13:58:30.957 [scheduling-1] DEBUG MAIL_SYNC_LOGGER - Parsing part with Content-Type: TEXT/HTML; charset=utf-8
26-07-21 13:58:32.888 [scheduling-1] INFO  MAIL_SYNC_LOGGER - [gunnitttt@gmail.com] Saved email ID: <20260720142024.1.b'8EAF021582428399'@emails.whop.com>. Attachments count: 0
26-07-21 13:58:33.440 [scheduling-1] INFO  MAIL_SYNC_LOGGER - [gunnitttt@gmail.com] Successfully archived email: 📢 Announcement: New Analytics Video Requirements
26-07-21 13:58:34.680 [scheduling-1] INFO  MAIL_SYNC_LOGGER - =================================Mail sync task completed.====================================
26-07-21 14:01:32.103 [main] INFO  MAIL_SYNC_LOGGER - MailSyncService initialized with EmailRepository.
26-07-21 14:01:34.249 [scheduling-1] INFO  MAIL_SYNC_LOGGER - =============================Starting mail sync task...===================================
26-07-21 14:01:34.251 [scheduling-1] INFO  MAIL_SYNC_LOGGER - Syncing emails for account: gunnitttt@gmail.com
26-07-21 14:01:34.273 [scheduling-1] INFO  MAIL_SYNC_LOGGER - Attempting standard authentication connection for user: gunnitttt@gmail.com
26-07-21 14:01:35.880 [scheduling-1] INFO  MAIL_SYNC_LOGGER - Successfully established connection to corporate mail store.
26-07-21 14:01:36.523 [scheduling-1] INFO  MAIL_SYNC_LOGGER - [gunnitttt@gmail.com] Folder 'INBOX' opened. Total messages: 0
26-07-21 14:01:37.330 [scheduling-1] INFO  MAIL_SYNC_LOGGER - =================================Mail sync task completed.====================================
26-07-21 14:06:34.250 [scheduling-1] INFO  MAIL_SYNC_LOGGER - =============================Starting mail sync task...===================================
26-07-21 14:06:34.250 [scheduling-1] INFO  MAIL_SYNC_LOGGER - Syncing emails for account: gunnitttt@gmail.com
26-07-21 14:06:34.252 [scheduling-1] INFO  MAIL_SYNC_LOGGER - Attempting standard authentication connection for user: gunnitttt@gmail.com
26-07-21 14:06:35.760 [scheduling-1] INFO  MAIL_SYNC_LOGGER - Successfully established connection to corporate mail store.
26-07-21 14:06:36.309 [scheduling-1] INFO  MAIL_SYNC_LOGGER - [gunnitttt@gmail.com] Folder 'INBOX' opened. Total messages: 0
26-07-21 14:06:37.091 [scheduling-1] INFO  MAIL_SYNC_LOGGER - =================================Mail sync task completed.====================================
26-07-21 14:06:58.430 [main] INFO  MAIL_SYNC_LOGGER - MailSyncService initialized with EmailRepository.
26-07-21 14:07:00.589 [scheduling-1] INFO  MAIL_SYNC_LOGGER - =============================Starting mail sync task...===================================
26-07-21 14:07:00.589 [scheduling-1] INFO  MAIL_SYNC_LOGGER - Syncing emails for account: gunnitttt@gmail.com
26-07-21 14:07:00.612 [scheduling-1] INFO  MAIL_SYNC_LOGGER - Attempting standard authentication connection for user: gunnitttt@gmail.com
26-07-21 14:07:02.302 [scheduling-1] INFO  MAIL_SYNC_LOGGER - Successfully established connection to corporate mail store.
26-07-21 14:07:02.837 [scheduling-1] INFO  MAIL_SYNC_LOGGER - [gunnitttt@gmail.com] Folder 'INBOX' opened. Total messages: 0
26-07-21 14:07:03.601 [scheduling-1] INFO  MAIL_SYNC_LOGGER - =================================Mail sync task completed.====================================
26-07-21 14:09:55.579 [main] INFO  MAIL_SYNC_LOGGER - MailSyncService initialized with EmailRepository.
26-07-21 14:10:15.758 [main] INFO  MAIL_SYNC_LOGGER - MailSyncService initialized with EmailRepository.
26-07-21 14:10:17.779 [scheduling-1] INFO  MAIL_SYNC_LOGGER - =============================Starting mail sync task...===================================
26-07-21 14:10:17.779 [scheduling-1] INFO  MAIL_SYNC_LOGGER - Syncing emails for account: gunnitttt@gmail.com
26-07-21 14:10:17.805 [scheduling-1] INFO  MAIL_SYNC_LOGGER - Attempting standard authentication connection for user: gunnitttt@gmail.com
26-07-21 14:10:19.824 [scheduling-1] INFO  MAIL_SYNC_LOGGER - Successfully established connection to corporate mail store.
26-07-21 14:10:20.408 [scheduling-1] INFO  MAIL_SYNC_LOGGER - [gunnitttt@gmail.com] Folder 'INBOX' opened. Total messages: 0
26-07-21 14:10:21.244 [scheduling-1] INFO  MAIL_SYNC_LOGGER - =================================Mail sync task completed.====================================
26-07-21 14:13:45.924 [main] INFO  MAIL_SYNC_LOGGER - MailSyncService initialized with EmailRepository.
26-07-21 14:13:48.055 [scheduling-1] INFO  MAIL_SYNC_LOGGER - =============================Starting mail sync task...===================================
26-07-21 14:13:48.055 [scheduling-1] INFO  MAIL_SYNC_LOGGER - Syncing emails for account: gunnitttt@gmail.com
26-07-21 14:13:48.088 [scheduling-1] INFO  MAIL_SYNC_LOGGER - Attempting standard authentication connection for user: gunnitttt@gmail.com
26-07-21 14:13:49.808 [scheduling-1] INFO  MAIL_SYNC_LOGGER - Successfully established connection to corporate mail store.
26-07-21 14:13:50.355 [scheduling-1] INFO  MAIL_SYNC_LOGGER - [gunnitttt@gmail.com] Folder 'INBOX' opened. Total messages: 0
26-07-21 14:13:51.594 [scheduling-1] INFO  MAIL_SYNC_LOGGER - =================================Mail sync task completed.====================================
26-07-21 14:15:54.322 [main] INFO  MAIL_SYNC_LOGGER - MailSyncService initialized with EmailRepository.
26-07-21 14:16:24.574 [main] INFO  MAIL_SYNC_LOGGER - MailSyncService initialized with EmailRepository.
26-07-21 14:16:26.655 [scheduling-1] INFO  MAIL_SYNC_LOGGER - =============================Starting mail sync task...===================================
26-07-21 14:16:26.656 [scheduling-1] INFO  MAIL_SYNC_LOGGER - Syncing emails for account: gunnitttt@gmail.com
26-07-21 14:16:26.679 [scheduling-1] INFO  MAIL_SYNC_LOGGER - Attempting standard authentication connection for user: gunnitttt@gmail.com
26-07-21 14:16:28.449 [scheduling-1] INFO  MAIL_SYNC_LOGGER - Successfully established connection to corporate mail store.
26-07-21 14:16:29.034 [scheduling-1] INFO  MAIL_SYNC_LOGGER - [gunnitttt@gmail.com] Folder 'INBOX' opened. Total messages: 0
26-07-21 14:16:29.813 [scheduling-1] INFO  MAIL_SYNC_LOGGER - =================================Mail sync task completed.====================================
26-07-21 14:17:28.828 [main] INFO  MAIL_SYNC_LOGGER - MailSyncService initialized with EmailRepository.
26-07-21 14:17:30.922 [scheduling-1] INFO  MAIL_SYNC_LOGGER - =============================Starting mail sync task...===================================
26-07-21 14:17:30.922 [scheduling-1] INFO  MAIL_SYNC_LOGGER - Syncing emails for account: gunnitttt@gmail.com
26-07-21 14:17:30.957 [scheduling-1] INFO  MAIL_SYNC_LOGGER - Attempting standard authentication connection for user: gunnitttt@gmail.com
26-07-21 14:17:33.556 [scheduling-1] INFO  MAIL_SYNC_LOGGER - Successfully established connection to corporate mail store.
26-07-21 14:17:34.102 [scheduling-1] INFO  MAIL_SYNC_LOGGER - [gunnitttt@gmail.com] Folder 'INBOX' opened. Total messages: 0
26-07-21 14:17:34.884 [scheduling-1] INFO  MAIL_SYNC_LOGGER - =================================Mail sync task completed.====================================
26-07-21 14:20:25.876 [main] INFO  MAIL_SYNC_LOGGER - MailSyncService initialized with EmailRepository.
26-07-21 14:22:30.931 [scheduling-1] INFO  MAIL_SYNC_LOGGER - =============================Starting mail sync task...===================================
26-07-21 14:22:30.931 [scheduling-1] INFO  MAIL_SYNC_LOGGER - Syncing emails for account: gunnitttt@gmail.com
26-07-21 14:22:30.931 [scheduling-1] INFO  MAIL_SYNC_LOGGER - Attempting standard authentication connection for user: gunnitttt@gmail.com
26-07-21 14:22:32.651 [scheduling-1] INFO  MAIL_SYNC_LOGGER - Successfully established connection to corporate mail store.
26-07-21 14:22:33.241 [scheduling-1] INFO  MAIL_SYNC_LOGGER - [gunnitttt@gmail.com] Folder 'INBOX' opened. Total messages: 0
26-07-21 14:22:34.045 [scheduling-1] INFO  MAIL_SYNC_LOGGER - =================================Mail sync task completed.====================================
26-07-21 15:17:41.621 [main] INFO  MAIL_SYNC_LOGGER - MailSyncService initialized with EmailRepository.
26-07-21 15:17:43.879 [scheduling-1] INFO  MAIL_SYNC_LOGGER - =============================Starting mail sync task...===================================
26-07-21 15:17:43.879 [scheduling-1] INFO  MAIL_SYNC_LOGGER - Syncing emails for account: gunnitttt@gmail.com
26-07-21 15:17:43.913 [scheduling-1] INFO  MAIL_SYNC_LOGGER - Attempting standard authentication connection for user: gunnitttt@gmail.com
26-07-21 15:17:46.347 [scheduling-1] INFO  MAIL_SYNC_LOGGER - Successfully established connection to corporate mail store.
26-07-21 15:17:46.969 [scheduling-1] INFO  MAIL_SYNC_LOGGER - [gunnitttt@gmail.com] Folder 'INBOX' opened. Total messages: 0
26-07-21 15:17:47.802 [scheduling-1] INFO  MAIL_SYNC_LOGGER - =================================Mail sync task completed.====================================
26-07-21 15:22:43.887 [scheduling-1] INFO  MAIL_SYNC_LOGGER - =============================Starting mail sync task...===================================
26-07-21 15:22:43.887 [scheduling-1] INFO  MAIL_SYNC_LOGGER - Syncing emails for account: gunnitttt@gmail.com
26-07-21 15:22:43.889 [scheduling-1] INFO  MAIL_SYNC_LOGGER - Attempting standard authentication connection for user: gunnitttt@gmail.com
26-07-21 15:22:45.656 [scheduling-1] INFO  MAIL_SYNC_LOGGER - Successfully established connection to corporate mail store.
26-07-21 15:22:46.211 [scheduling-1] INFO  MAIL_SYNC_LOGGER - [gunnitttt@gmail.com] Folder 'INBOX' opened. Total messages: 0
26-07-21 15:22:46.987 [scheduling-1] INFO  MAIL_SYNC_LOGGER - =================================Mail sync task completed.====================================
26-07-21 15:27:30.617 [main] INFO  MAIL_SYNC_LOGGER - MailSyncService initialized with EmailRepository.
26-07-21 15:27:33.237 [scheduling-1] INFO  MAIL_SYNC_LOGGER - =============================Starting mail sync task...===================================
26-07-21 15:27:33.238 [scheduling-1] INFO  MAIL_SYNC_LOGGER - Syncing emails for account: gunnitttt@gmail.com
26-07-21 15:27:33.275 [scheduling-1] INFO  MAIL_SYNC_LOGGER - Attempting standard authentication connection for user: gunnitttt@gmail.com
26-07-21 15:27:34.862 [scheduling-1] INFO  MAIL_SYNC_LOGGER - Successfully established connection to corporate mail store.
26-07-21 15:27:35.402 [scheduling-1] INFO  MAIL_SYNC_LOGGER - [gunnitttt@gmail.com] Folder 'INBOX' opened. Total messages: 0
26-07-21 15:27:36.188 [scheduling-1] INFO  MAIL_SYNC_LOGGER - =================================Mail sync task completed.====================================
26-07-21 17:44:54.080 [main] INFO  MAIL_SYNC_LOGGER - MailSyncService initialized with EmailRepository.
26-07-21 17:44:56.194 [scheduling-1] INFO  MAIL_SYNC_LOGGER - =============================Starting mail sync task...===================================
26-07-21 17:44:56.195 [scheduling-1] INFO  MAIL_SYNC_LOGGER - Syncing emails for account: gunnitttt@gmail.com
26-07-21 17:44:56.220 [scheduling-1] INFO  MAIL_SYNC_LOGGER - Attempting standard authentication connection for user: gunnitttt@gmail.com
26-07-21 17:44:57.862 [scheduling-1] INFO  MAIL_SYNC_LOGGER - Successfully established connection to corporate mail store.
26-07-21 17:44:58.375 [scheduling-1] INFO  MAIL_SYNC_LOGGER - [gunnitttt@gmail.com] Folder 'INBOX' opened. Total messages: 0
26-07-21 17:44:59.108 [scheduling-1] INFO  MAIL_SYNC_LOGGER - =================================Mail sync task completed.====================================
26-07-21 17:46:28.630 [main] INFO  MAIL_SYNC_LOGGER - MailSyncService initialized with EmailRepository.
26-07-21 17:46:30.655 [scheduling-1] INFO  MAIL_SYNC_LOGGER - =============================Starting mail sync task...===================================
26-07-21 17:46:30.656 [scheduling-1] INFO  MAIL_SYNC_LOGGER - Syncing emails for account: gunnitttt@gmail.com
26-07-21 17:46:30.679 [scheduling-1] INFO  MAIL_SYNC_LOGGER - Attempting standard authentication connection for user: gunnitttt@gmail.com
26-07-21 17:46:32.332 [scheduling-1] INFO  MAIL_SYNC_LOGGER - Successfully established connection to corporate mail store.
26-07-21 17:46:33.026 [scheduling-1] INFO  MAIL_SYNC_LOGGER - [gunnitttt@gmail.com] Folder 'INBOX' opened. Total messages: 0
26-07-21 17:46:33.775 [scheduling-1] INFO  MAIL_SYNC_LOGGER - =================================Mail sync task completed.====================================
26-07-21 18:26:03.353 [main] INFO  MAIL_SYNC_LOGGER - MailSyncService initialized with EmailRepository.
26-07-21 18:26:05.320 [scheduling-1] INFO  MAIL_SYNC_LOGGER - =============================Starting mail sync task...===================================
26-07-21 18:26:05.321 [scheduling-1] INFO  MAIL_SYNC_LOGGER - Syncing emails for account: gunnitttt@gmail.com
26-07-21 18:26:05.343 [scheduling-1] INFO  MAIL_SYNC_LOGGER - Attempting standard authentication connection for user: gunnitttt@gmail.com
26-07-21 18:26:06.973 [scheduling-1] INFO  MAIL_SYNC_LOGGER - Successfully established connection to corporate mail store.
26-07-21 18:26:07.566 [scheduling-1] INFO  MAIL_SYNC_LOGGER - [gunnitttt@gmail.com] Folder 'INBOX' opened. Total messages: 0
26-07-21 18:26:08.495 [scheduling-1] INFO  MAIL_SYNC_LOGGER - =================================Mail sync task completed.====================================
26-07-21 18:27:33.271 [main] INFO  MAIL_SYNC_LOGGER - MailSyncService initialized with EmailRepository.
26-07-21 18:27:35.630 [scheduling-1] INFO  MAIL_SYNC_LOGGER - =============================Starting mail sync task...===================================
26-07-21 18:27:35.631 [scheduling-1] INFO  MAIL_SYNC_LOGGER - Syncing emails for account: gunnitttt@gmail.com
26-07-21 18:27:35.655 [scheduling-1] INFO  MAIL_SYNC_LOGGER - Attempting standard authentication connection for user: gunnitttt@gmail.com
26-07-21 18:27:37.558 [scheduling-1] INFO  MAIL_SYNC_LOGGER - Successfully established connection to corporate mail store.
26-07-21 18:27:38.232 [scheduling-1] INFO  MAIL_SYNC_LOGGER - [gunnitttt@gmail.com] Folder 'INBOX' opened. Total messages: 0
26-07-21 18:27:39.195 [scheduling-1] INFO  MAIL_SYNC_LOGGER - =================================Mail sync task completed.====================================
26-07-21 18:28:47.698 [main] INFO  MAIL_SYNC_LOGGER - MailSyncService initialized with EmailRepository.
26-07-21 18:28:49.924 [scheduling-1] INFO  MAIL_SYNC_LOGGER - =============================Starting mail sync task...===================================
26-07-21 18:28:49.925 [scheduling-1] INFO  MAIL_SYNC_LOGGER - Syncing emails for account: gunnitttt@gmail.com
26-07-21 18:28:49.951 [scheduling-1] INFO  MAIL_SYNC_LOGGER - Attempting standard authentication connection for user: gunnitttt@gmail.com
26-07-21 18:28:51.555 [scheduling-1] INFO  MAIL_SYNC_LOGGER - Successfully established connection to corporate mail store.
26-07-21 18:28:52.108 [scheduling-1] INFO  MAIL_SYNC_LOGGER - [gunnitttt@gmail.com] Folder 'INBOX' opened. Total messages: 0
26-07-21 18:28:52.914 [scheduling-1] INFO  MAIL_SYNC_LOGGER - =================================Mail sync task completed.====================================
26-07-21 18:33:49.924 [scheduling-1] INFO  MAIL_SYNC_LOGGER - =============================Starting mail sync task...===================================
26-07-21 18:33:49.924 [scheduling-1] INFO  MAIL_SYNC_LOGGER - Syncing emails for account: gunnitttt@gmail.com
26-07-21 18:33:49.926 [scheduling-1] INFO  MAIL_SYNC_LOGGER - Attempting standard authentication connection for user: gunnitttt@gmail.com
26-07-21 18:33:51.647 [scheduling-1] INFO  MAIL_SYNC_LOGGER - Successfully established connection to corporate mail store.
26-07-21 18:33:52.202 [scheduling-1] INFO  MAIL_SYNC_LOGGER - [gunnitttt@gmail.com] Folder 'INBOX' opened. Total messages: 0
26-07-21 18:33:52.996 [scheduling-1] INFO  MAIL_SYNC_LOGGER - =================================Mail sync task completed.====================================
26-07-21 19:12:38.645 [main] INFO  MAIL_SYNC_LOGGER - MailSyncService initialized with EmailRepository.
26-07-21 19:12:41.064 [scheduling-1] INFO  MAIL_SYNC_LOGGER - =============================Starting mail sync task...===================================
26-07-21 19:12:41.065 [scheduling-1] INFO  MAIL_SYNC_LOGGER - Syncing emails for account: gunnitttt@gmail.com
26-07-21 19:12:41.093 [scheduling-1] INFO  MAIL_SYNC_LOGGER - Attempting standard authentication connection for user: gunnitttt@gmail.com
26-07-21 19:12:43.102 [scheduling-1] INFO  MAIL_SYNC_LOGGER - Successfully established connection to corporate mail store.
26-07-21 19:12:44.004 [scheduling-1] INFO  MAIL_SYNC_LOGGER - [gunnitttt@gmail.com] Folder 'INBOX' opened. Total messages: 0
26-07-21 19:12:45.121 [scheduling-1] INFO  MAIL_SYNC_LOGGER - =================================Mail sync task completed.====================================
26-07-21 19:14:06.344 [main] INFO  MAIL_SYNC_LOGGER - MailSyncService initialized with EmailRepository.
26-07-21 19:14:08.701 [scheduling-1] INFO  MAIL_SYNC_LOGGER - =============================Starting mail sync task...===================================
26-07-21 19:14:08.701 [scheduling-1] INFO  MAIL_SYNC_LOGGER - Syncing emails for account: gunnitttt@gmail.com
26-07-21 19:14:08.727 [scheduling-1] INFO  MAIL_SYNC_LOGGER - Attempting standard authentication connection for user: gunnitttt@gmail.com
26-07-21 19:14:10.367 [scheduling-1] INFO  MAIL_SYNC_LOGGER - Successfully established connection to corporate mail store.
26-07-21 19:14:10.943 [scheduling-1] INFO  MAIL_SYNC_LOGGER - [gunnitttt@gmail.com] Folder 'INBOX' opened. Total messages: 0
26-07-21 19:14:11.757 [scheduling-1] INFO  MAIL_SYNC_LOGGER - =================================Mail sync task completed.====================================
26-07-21 19:16:14.375 [main] INFO  MAIL_SYNC_LOGGER - MailSyncService initialized with EmailRepository.
26-07-21 19:16:16.598 [scheduling-1] INFO  MAIL_SYNC_LOGGER - =============================Starting mail sync task...===================================
26-07-21 19:16:16.598 [scheduling-1] INFO  MAIL_SYNC_LOGGER - Syncing emails for account: gunnitttt@gmail.com
26-07-21 19:16:16.623 [scheduling-1] INFO  MAIL_SYNC_LOGGER - Attempting standard authentication connection for user: gunnitttt@gmail.com
26-07-21 19:16:18.393 [scheduling-1] INFO  MAIL_SYNC_LOGGER - Successfully established connection to corporate mail store.
26-07-21 19:16:18.967 [scheduling-1] INFO  MAIL_SYNC_LOGGER - [gunnitttt@gmail.com] Folder 'INBOX' opened. Total messages: 0
26-07-21 19:16:19.756 [scheduling-1] INFO  MAIL_SYNC_LOGGER - =================================Mail sync task completed.====================================
26-07-21 19:22:31.856 [main] INFO  MAIL_SYNC_LOGGER - MailSyncService initialized with EmailRepository.
26-07-21 19:22:33.850 [scheduling-1] INFO  MAIL_SYNC_LOGGER - =============================Starting mail sync task...===================================
26-07-21 19:22:33.851 [scheduling-1] INFO  MAIL_SYNC_LOGGER - Syncing emails for account: gunnitttt@gmail.com
26-07-21 19:22:33.872 [scheduling-1] INFO  MAIL_SYNC_LOGGER - Attempting standard authentication connection for user: gunnitttt@gmail.com
26-07-21 19:22:35.616 [scheduling-1] INFO  MAIL_SYNC_LOGGER - Successfully established connection to corporate mail store.
26-07-21 19:22:36.148 [scheduling-1] INFO  MAIL_SYNC_LOGGER - [gunnitttt@gmail.com] Folder 'INBOX' opened. Total messages: 0
26-07-21 19:22:36.908 [scheduling-1] INFO  MAIL_SYNC_LOGGER - =================================Mail sync task completed.====================================
26-07-21 19:23:24.765 [main] INFO  MAIL_SYNC_LOGGER - MailSyncService initialized with EmailRepository.
26-07-21 19:23:26.908 [scheduling-1] INFO  MAIL_SYNC_LOGGER - =============================Starting mail sync task...===================================
26-07-21 19:23:26.909 [scheduling-1] INFO  MAIL_SYNC_LOGGER - Syncing emails for account: gunnitttt@gmail.com
26-07-21 19:23:26.941 [scheduling-1] INFO  MAIL_SYNC_LOGGER - Attempting standard authentication connection for user: gunnitttt@gmail.com
26-07-21 19:23:28.624 [scheduling-1] INFO  MAIL_SYNC_LOGGER - Successfully established connection to corporate mail store.
26-07-21 19:23:29.156 [scheduling-1] INFO  MAIL_SYNC_LOGGER - [gunnitttt@gmail.com] Folder 'INBOX' opened. Total messages: 0
26-07-21 19:23:29.917 [scheduling-1] INFO  MAIL_SYNC_LOGGER - =================================Mail sync task completed.====================================
