26-09-16 10:12:53.478 [http-nio-8081-exec-1] INFO  MAIL_SERVICES_AVAAYA_LOGGER - Received SendMail SOAP request
26-09-16 10:12:53.880 [http-nio-8081-exec-1] WARN  MAIL_SERVICES_AVAAYA_LOGGER - Skipping attachment /Outbound/1001/9339387/doc.pdf because file does not exist
26-09-16 10:12:53.881 [http-nio-8081-exec-1] WARN  MAIL_SERVICES_AVAAYA_LOGGER - Skipping attachment /Outbound/1001/9339387/doc.pdf because file does not exist
26-09-16 10:12:55.872 [http-nio-8081-exec-1] ERROR MAIL_SERVICES_AVAAYA_LOGGER - Failure while sending SendMail via SMTP
org.springframework.mail.MailAuthenticationException: Authentication failed; nested exception is javax.mail.AuthenticationFailedException: 535-5.7.8 Username and Password not accepted. For more information, go to
535 5.7.8  https://support.google.com/mail/?p=BadCredentials 5a478bee46e88-33bf5af4f0bsm4377951eec.24 - gsmtp

	at org.springframework.mail.javamail.JavaMailSenderImpl.doSend(JavaMailSenderImpl.java:440)
	at org.springframework.mail.javamail.JavaMailSenderImpl.send(JavaMailSenderImpl.java:361)
	at org.springframework.mail.javamail.JavaMailSenderImpl.send(JavaMailSenderImpl.java:356)
	at com.example.mail.controller.ContactSoapController.sendMail(ContactSoapController.java:278)
	at sun.reflect.NativeMethodAccessorImpl.invoke0(Native Method)
	at sun.reflect.NativeMethodAccessorImpl.invoke(NativeMethodAccessorImpl.java:62)
	at sun.reflect.DelegatingMethodAccessorImpl.invoke(DelegatingMethodAccessorImpl.java:43)
	at java.lang.reflect.Method.invoke(Method.java:498)
	at org.springframework.web.method.support.InvocableHandlerMethod.doInvoke(InvocableHandlerMethod.java:205)
	at org.springframework.web.method.support.InvocableHandlerMethod.invokeForRequest(InvocableHandlerMethod.java:150)
	at org.springframework.web.servlet.mvc.method.annotation.ServletInvocableHandlerMethod.invokeAndHandle(ServletInvocableHandlerMethod.java:117)
	at org.springframework.web.servlet.mvc.method.annotation.RequestMappingHandlerAdapter.invokeHandlerMethod(RequestMappingHandlerAdapter.java:895)
	at org.springframework.web.servlet.mvc.method.annotation.RequestMappingHandlerAdapter.handleInternal(RequestMappingHandlerAdapter.java:808)
	at org.springframework.web.servlet.mvc.method.AbstractHandlerMethodAdapter.handle(AbstractHandlerMethodAdapter.java:87)
	at org.springframework.web.servlet.DispatcherServlet.doDispatch(DispatcherServlet.java:1072)
	at org.springframework.web.servlet.DispatcherServlet.doService(DispatcherServlet.java:965)
	at org.springframework.web.servlet.FrameworkServlet.processRequest(FrameworkServlet.java:1006)
	at org.springframework.web.servlet.FrameworkServlet.doPost(FrameworkServlet.java:909)
	at javax.servlet.http.HttpServlet.service(HttpServlet.java:555)
	at org.springframework.web.servlet.FrameworkServlet.service(FrameworkServlet.java:883)
	at javax.servlet.http.HttpServlet.service(HttpServlet.java:623)
	at org.apache.catalina.core.ApplicationFilterChain.internalDoFilter(ApplicationFilterChain.java:209)
	at org.apache.catalina.core.ApplicationFilterChain.doFilter(ApplicationFilterChain.java:153)
	at org.apache.tomcat.websocket.server.WsFilter.doFilter(WsFilter.java:51)
	at org.apache.catalina.core.ApplicationFilterChain.internalDoFilter(ApplicationFilterChain.java:178)
	at org.apache.catalina.core.ApplicationFilterChain.doFilter(ApplicationFilterChain.java:153)
	at org.springframework.web.filter.RequestContextFilter.doFilterInternal(RequestContextFilter.java:100)
	at org.springframework.web.filter.OncePerRequestFilter.doFilter(OncePerRequestFilter.java:117)
	at org.apache.catalina.core.ApplicationFilterChain.internalDoFilter(ApplicationFilterChain.java:178)
	at org.apache.catalina.core.ApplicationFilterChain.doFilter(ApplicationFilterChain.java:153)
	at org.springframework.web.filter.FormContentFilter.doFilterInternal(FormContentFilter.java:93)
	at org.springframework.web.filter.OncePerRequestFilter.doFilter(OncePerRequestFilter.java:117)
	at org.apache.catalina.core.ApplicationFilterChain.internalDoFilter(ApplicationFilterChain.java:178)
	at org.apache.catalina.core.ApplicationFilterChain.doFilter(ApplicationFilterChain.java:153)
	at org.springframework.web.filter.CharacterEncodingFilter.doFilterInternal(CharacterEncodingFilter.java:201)
	at org.springframework.web.filter.OncePerRequestFilter.doFilter(OncePerRequestFilter.java:117)
	at org.apache.catalina.core.ApplicationFilterChain.internalDoFilter(ApplicationFilterChain.java:178)
	at org.apache.catalina.core.ApplicationFilterChain.doFilter(ApplicationFilterChain.java:153)
	at org.apache.catalina.core.StandardWrapperValve.invoke(StandardWrapperValve.java:168)
	at org.apache.catalina.core.StandardContextValve.invoke(StandardContextValve.java:90)
	at org.apache.catalina.authenticator.AuthenticatorBase.invoke(AuthenticatorBase.java:481)
	at org.apache.catalina.core.StandardHostValve.invoke(StandardHostValve.java:130)
	at org.apache.catalina.valves.ErrorReportValve.invoke(ErrorReportValve.java:93)
	at org.apache.catalina.core.StandardEngineValve.invoke(StandardEngineValve.java:74)
	at org.apache.catalina.connector.CoyoteAdapter.service(CoyoteAdapter.java:342)
	at org.apache.coyote.http11.Http11Processor.service(Http11Processor.java:390)
	at org.apache.coyote.AbstractProcessorLight.process(AbstractProcessorLight.java:63)
	at org.apache.coyote.AbstractProtocol$ConnectionHandler.process(AbstractProtocol.java:928)
	at org.apache.tomcat.util.net.NioEndpoint$SocketProcessor.doRun(NioEndpoint.java:1794)
	at org.apache.tomcat.util.net.SocketProcessorBase.run(SocketProcessorBase.java:52)
	at org.apache.tomcat.util.threads.ThreadPoolExecutor.runWorker(ThreadPoolExecutor.java:1191)
	at org.apache.tomcat.util.threads.ThreadPoolExecutor$Worker.run(ThreadPoolExecutor.java:659)
	at org.apache.tomcat.util.threads.TaskThread$WrappingRunnable.run(TaskThread.java:61)
	at java.lang.Thread.run(Thread.java:750)
Caused by: javax.mail.AuthenticationFailedException: 535-5.7.8 Username and Password not accepted. For more information, go to
535 5.7.8  https://support.google.com/mail/?p=BadCredentials 5a478bee46e88-33bf5af4f0bsm4377951eec.24 - gsmtp

	at com.sun.mail.smtp.SMTPTransport$Authenticator.authenticate(SMTPTransport.java:947)
	at com.sun.mail.smtp.SMTPTransport.authenticate(SMTPTransport.java:858)
	at com.sun.mail.smtp.SMTPTransport.protocolConnect(SMTPTransport.java:762)
	at javax.mail.Service.connect(Service.java:342)
	at org.springframework.mail.javamail.JavaMailSenderImpl.connectTransport(JavaMailSenderImpl.java:518)
	at org.springframework.mail.javamail.JavaMailSenderImpl.doSend(JavaMailSenderImpl.java:437)
	... 53 common frames omitted
26-09-16 10:13:56.488 [http-nio-8081-exec-2] INFO  MAIL_SERVICES_AVAAYA_LOGGER - Received SendMail SOAP request
26-09-16 10:13:56.830 [http-nio-8081-exec-2] WARN  MAIL_SERVICES_AVAAYA_LOGGER - Skipping attachment /Outbound/1001/9339387/doc.pdf because file does not exist
26-09-16 10:13:56.831 [http-nio-8081-exec-2] WARN  MAIL_SERVICES_AVAAYA_LOGGER - Skipping attachment /Outbound/1001/9339387/doc.pdf because file does not exist
26-09-16 10:13:58.655 [http-nio-8081-exec-2] ERROR MAIL_SERVICES_AVAAYA_LOGGER - Failure while sending SendMail via SMTP
org.springframework.mail.MailAuthenticationException: Authentication failed; nested exception is javax.mail.AuthenticationFailedException: 535-5.7.8 Username and Password not accepted. For more information, go to
535 5.7.8  https://support.google.com/mail/?p=BadCredentials 5a478bee46e88-33bf5af4f0bsm4386883eec.24 - gsmtp

	at org.springframework.mail.javamail.JavaMailSenderImpl.doSend(JavaMailSenderImpl.java:440)
	at org.springframework.mail.javamail.JavaMailSenderImpl.send(JavaMailSenderImpl.java:361)
	at org.springframework.mail.javamail.JavaMailSenderImpl.send(JavaMailSenderImpl.java:356)
	at com.example.mail.controller.ContactSoapController.sendMail(ContactSoapController.java:278)
	at sun.reflect.NativeMethodAccessorImpl.invoke0(Native Method)
	at sun.reflect.NativeMethodAccessorImpl.invoke(NativeMethodAccessorImpl.java:62)
	at sun.reflect.DelegatingMethodAccessorImpl.invoke(DelegatingMethodAccessorImpl.java:43)
	at java.lang.reflect.Method.invoke(Method.java:498)
	at org.springframework.web.method.support.InvocableHandlerMethod.doInvoke(InvocableHandlerMethod.java:205)
	at org.springframework.web.method.support.InvocableHandlerMethod.invokeForRequest(InvocableHandlerMethod.java:150)
	at org.springframework.web.servlet.mvc.method.annotation.ServletInvocableHandlerMethod.invokeAndHandle(ServletInvocableHandlerMethod.java:117)
	at org.springframework.web.servlet.mvc.method.annotation.RequestMappingHandlerAdapter.invokeHandlerMethod(RequestMappingHandlerAdapter.java:895)
	at org.springframework.web.servlet.mvc.method.annotation.RequestMappingHandlerAdapter.handleInternal(RequestMappingHandlerAdapter.java:808)
	at org.springframework.web.servlet.mvc.method.AbstractHandlerMethodAdapter.handle(AbstractHandlerMethodAdapter.java:87)
	at org.springframework.web.servlet.DispatcherServlet.doDispatch(DispatcherServlet.java:1072)
	at org.springframework.web.servlet.DispatcherServlet.doService(DispatcherServlet.java:965)
	at org.springframework.web.servlet.FrameworkServlet.processRequest(FrameworkServlet.java:1006)
	at org.springframework.web.servlet.FrameworkServlet.doPost(FrameworkServlet.java:909)
	at javax.servlet.http.HttpServlet.service(HttpServlet.java:555)
	at org.springframework.web.servlet.FrameworkServlet.service(FrameworkServlet.java:883)
	at javax.servlet.http.HttpServlet.service(HttpServlet.java:623)
	at org.apache.catalina.core.ApplicationFilterChain.internalDoFilter(ApplicationFilterChain.java:209)
	at org.apache.catalina.core.ApplicationFilterChain.doFilter(ApplicationFilterChain.java:153)
	at org.apache.tomcat.websocket.server.WsFilter.doFilter(WsFilter.java:51)
	at org.apache.catalina.core.ApplicationFilterChain.internalDoFilter(ApplicationFilterChain.java:178)
	at org.apache.catalina.core.ApplicationFilterChain.doFilter(ApplicationFilterChain.java:153)
	at org.springframework.web.filter.RequestContextFilter.doFilterInternal(RequestContextFilter.java:100)
	at org.springframework.web.filter.OncePerRequestFilter.doFilter(OncePerRequestFilter.java:117)
	at org.apache.catalina.core.ApplicationFilterChain.internalDoFilter(ApplicationFilterChain.java:178)
	at org.apache.catalina.core.ApplicationFilterChain.doFilter(ApplicationFilterChain.java:153)
	at org.springframework.web.filter.FormContentFilter.doFilterInternal(FormContentFilter.java:93)
	at org.springframework.web.filter.OncePerRequestFilter.doFilter(OncePerRequestFilter.java:117)
	at org.apache.catalina.core.ApplicationFilterChain.internalDoFilter(ApplicationFilterChain.java:178)
	at org.apache.catalina.core.ApplicationFilterChain.doFilter(ApplicationFilterChain.java:153)
	at org.springframework.web.filter.CharacterEncodingFilter.doFilterInternal(CharacterEncodingFilter.java:201)
	at org.springframework.web.filter.OncePerRequestFilter.doFilter(OncePerRequestFilter.java:117)
	at org.apache.catalina.core.ApplicationFilterChain.internalDoFilter(ApplicationFilterChain.java:178)
	at org.apache.catalina.core.ApplicationFilterChain.doFilter(ApplicationFilterChain.java:153)
	at org.apache.catalina.core.StandardWrapperValve.invoke(StandardWrapperValve.java:168)
	at org.apache.catalina.core.StandardContextValve.invoke(StandardContextValve.java:90)
	at org.apache.catalina.authenticator.AuthenticatorBase.invoke(AuthenticatorBase.java:481)
	at org.apache.catalina.core.StandardHostValve.invoke(StandardHostValve.java:130)
	at org.apache.catalina.valves.ErrorReportValve.invoke(ErrorReportValve.java:93)
	at org.apache.catalina.core.StandardEngineValve.invoke(StandardEngineValve.java:74)
	at org.apache.catalina.connector.CoyoteAdapter.service(CoyoteAdapter.java:342)
	at org.apache.coyote.http11.Http11Processor.service(Http11Processor.java:390)
	at org.apache.coyote.AbstractProcessorLight.process(AbstractProcessorLight.java:63)
	at org.apache.coyote.AbstractProtocol$ConnectionHandler.process(AbstractProtocol.java:928)
	at org.apache.tomcat.util.net.NioEndpoint$SocketProcessor.doRun(NioEndpoint.java:1794)
	at org.apache.tomcat.util.net.SocketProcessorBase.run(SocketProcessorBase.java:52)
	at org.apache.tomcat.util.threads.ThreadPoolExecutor.runWorker(ThreadPoolExecutor.java:1191)
	at org.apache.tomcat.util.threads.ThreadPoolExecutor$Worker.run(ThreadPoolExecutor.java:659)
	at org.apache.tomcat.util.threads.TaskThread$WrappingRunnable.run(TaskThread.java:61)
	at java.lang.Thread.run(Thread.java:750)
Caused by: javax.mail.AuthenticationFailedException: 535-5.7.8 Username and Password not accepted. For more information, go to
535 5.7.8  https://support.google.com/mail/?p=BadCredentials 5a478bee46e88-33bf5af4f0bsm4386883eec.24 - gsmtp

	at com.sun.mail.smtp.SMTPTransport$Authenticator.authenticate(SMTPTransport.java:947)
	at com.sun.mail.smtp.SMTPTransport.authenticate(SMTPTransport.java:858)
	at com.sun.mail.smtp.SMTPTransport.protocolConnect(SMTPTransport.java:762)
	at javax.mail.Service.connect(Service.java:342)
	at org.springframework.mail.javamail.JavaMailSenderImpl.connectTransport(JavaMailSenderImpl.java:518)
	at org.springframework.mail.javamail.JavaMailSenderImpl.doSend(JavaMailSenderImpl.java:437)
	... 53 common frames omitted
26-09-16 10:21:44.044 [http-nio-8081-exec-2] INFO  MAIL_SERVICES_AVAAYA_LOGGER - Received SendMail SOAP request
26-09-16 10:21:44.400 [http-nio-8081-exec-2] WARN  MAIL_SERVICES_AVAAYA_LOGGER - Skipping attachment /Outbound/1001/9339387/doc.pdf because file does not exist
26-09-16 10:21:44.400 [http-nio-8081-exec-2] WARN  MAIL_SERVICES_AVAAYA_LOGGER - Skipping attachment /Outbound/1001/9339387/doc.pdf because file does not exist
26-09-16 10:21:49.186 [http-nio-8081-exec-2] INFO  MAIL_SERVICES_AVAAYA_LOGGER - Mail sent successfully to gaurang.190410107060@gmail.com and recorded in MailSendStatus (MailID: 10009)
26-09-16 10:44:14.359 [http-nio-8081-exec-2] INFO  MAIL_SERVICES_AVAAYA_LOGGER - Received SendMail SOAP request
26-09-16 10:44:58.648 [http-nio-8081-exec-2] INFO  MAIL_SERVICES_AVAAYA_LOGGER - Received SendMail SOAP request
26-09-16 10:44:58.780 [http-nio-8081-exec-2] INFO  MAIL_SERVICES_AVAAYA_LOGGER - Processing SendMail for ContactID: 9339387, Skillset: null, ToEmail: gaurang.190410107060@gmail.com
26-09-16 10:44:59.000 [http-nio-8081-exec-2] WARN  MAIL_SERVICES_AVAAYA_LOGGER - Skipping attachment /Outbound/1001/9339387/doc.pdf because file does not exist
26-09-16 10:44:59.000 [http-nio-8081-exec-2] WARN  MAIL_SERVICES_AVAAYA_LOGGER - Skipping attachment /Outbound/1001/9339387/doc.pdf because file does not exist
26-09-16 10:45:03.894 [http-nio-8081-exec-2] INFO  MAIL_SERVICES_AVAAYA_LOGGER - Mail sent successfully to gaurang.190410107060@gmail.com and recorded in MailSendStatus (MailID: 10010)
26-09-16 10:45:10.788 [http-nio-8081-exec-3] INFO  MAIL_SERVICES_AVAAYA_LOGGER - Received GetHistoryForContactID SOAP request
26-09-16 10:45:10.795 [http-nio-8081-exec-3] INFO  MAIL_SERVICES_AVAAYA_LOGGER - Fetching history for ContactID: 4143121
26-09-16 10:45:10.843 [http-nio-8081-exec-3] INFO  MAIL_SERVICES_AVAAYA_LOGGER - GetHistoryForContactID completed successfully for ContactID: 4143121
26-09-16 10:45:14.227 [http-nio-8081-exec-4] INFO  MAIL_SERVICES_AVAAYA_LOGGER - Received TransferContactToSkillset SOAP request
26-09-16 10:45:14.234 [http-nio-8081-exec-4] INFO  MAIL_SERVICES_AVAAYA_LOGGER - Transferring ContactID: 4143121 to SkillsetID: 16
26-09-16 10:45:14.238 [http-nio-8081-exec-4] INFO  MAIL_SERVICES_AVAAYA_LOGGER - AaccContactService: Transferring ContactID: 4143121 to SkillsetID: 16
26-09-16 10:45:14.260 [http-nio-8081-exec-4] INFO  MAIL_SERVICES_AVAAYA_LOGGER - AaccContactService: ContactID: 4143121 successfully transferred to Skillset: 16 (EM_MAK_MAKER)
26-09-16 10:45:14.266 [http-nio-8081-exec-4] INFO  MAIL_SERVICES_AVAAYA_LOGGER - TransferContactToSkillset completed successfully for ContactID: 4143121, SkillsetID: 16
26-09-16 10:45:17.898 [http-nio-8081-exec-5] INFO  MAIL_SERVICES_AVAAYA_LOGGER - Received GetAllSkillsets SOAP request
26-09-16 10:45:17.915 [http-nio-8081-exec-5] INFO  MAIL_SERVICES_AVAAYA_LOGGER - GetAllSkillsets completed successfully returning 4 skillsets
26-09-16 10:45:21.368 [http-nio-8081-exec-6] INFO  MAIL_SERVICES_AVAAYA_LOGGER - Received GetHistoryFromAACC SOAP request
26-09-16 10:45:21.373 [http-nio-8081-exec-6] INFO  MAIL_SERVICES_AVAAYA_LOGGER - Fetching history from AACC [SearchType: ID, SearchValue: 4143121]
26-09-16 10:45:21.628 [http-nio-8081-exec-6] INFO  MAIL_SERVICES_AVAAYA_LOGGER - GetHistoryFromAACC completed successfully for SearchValue: 4143121
26-09-16 10:45:32.717 [http-nio-8081-exec-8] INFO  MAIL_SERVICES_AVAAYA_LOGGER - Received SendToChecker SOAP request
26-09-16 10:45:32.724 [http-nio-8081-exec-8] INFO  MAIL_SERVICES_AVAAYA_LOGGER - Saving maker transfer for ContactID 4143121 and AgentID 39000001
26-09-16 10:45:32.892 [http-nio-8081-exec-8] INFO  MAIL_SERVICES_AVAAYA_LOGGER - SendToChecker completed successfully with MailID 30036
26-09-16 10:45:36.949 [http-nio-8081-exec-9] INFO  MAIL_SERVICES_AVAAYA_LOGGER - Received getContact SOAP request
26-09-16 10:45:36.955 [http-nio-8081-exec-9] INFO  MAIL_SERVICES_AVAAYA_LOGGER - Assigning next pending email for AgentID: 39000001
26-09-16 10:45:37.185 [http-nio-8081-exec-9] INFO  MAIL_SERVICES_AVAAYA_LOGGER - getContact completed for AgentID: 39000001, assigned ContactID: 4143121
26-09-16 10:45:40.889 [http-nio-8081-exec-10] INFO  MAIL_SERVICES_AVAAYA_LOGGER - Received customerMail SOAP request
26-09-16 10:45:40.894 [http-nio-8081-exec-10] INFO  MAIL_SERVICES_AVAAYA_LOGGER - Processing GetCustomerMailforMaker for ContactID: 4143121
26-09-16 10:45:40.905 [http-nio-8081-exec-10] INFO  MAIL_SERVICES_AVAAYA_LOGGER - GetCustomerMailforMaker completed successfully for ContactID: 4143121
26-09-16 10:45:44.712 [http-nio-8081-exec-1] INFO  MAIL_SERVICES_AVAAYA_LOGGER - Received GetHistoryFromAACC SOAP request
26-09-16 10:45:44.716 [http-nio-8081-exec-1] INFO  MAIL_SERVICES_AVAAYA_LOGGER - Fetching history from AACC [SearchType: GTID, SearchValue: 4143121]
26-09-16 10:45:44.881 [http-nio-8081-exec-1] INFO  MAIL_SERVICES_AVAAYA_LOGGER - GetHistoryFromAACC completed successfully for SearchValue: 4143121
26-09-16 10:45:48.080 [http-nio-8081-exec-2] INFO  MAIL_SERVICES_AVAAYA_LOGGER - Received GetAllClosedReasonCodes SOAP request
26-09-16 10:45:48.091 [http-nio-8081-exec-2] INFO  MAIL_SERVICES_AVAAYA_LOGGER - GetAllClosedReasonCodes completed successfully returning 10 codes
26-09-16 10:45:52.609 [http-nio-8081-exec-3] INFO  MAIL_SERVICES_AVAAYA_LOGGER - Received getContactAACC SOAP request
26-09-16 10:45:52.614 [http-nio-8081-exec-3] INFO  MAIL_SERVICES_AVAAYA_LOGGER - Processing getContactAACC for ContactID: 4143121
26-09-16 10:45:52.614 [http-nio-8081-exec-3] INFO  MAIL_SERVICES_AVAAYA_LOGGER - AaccContactService: Fetching contact details for ContactID: 4143121
26-09-16 10:45:52.620 [http-nio-8081-exec-3] INFO  MAIL_SERVICES_AVAAYA_LOGGER - AaccContactService: Successfully retrieved contact details for ContactID: 4143121
26-09-16 10:45:52.620 [http-nio-8081-exec-3] INFO  MAIL_SERVICES_AVAAYA_LOGGER - getContactAACC completed successfully for ContactID: 4143121
