26-07-18 16:47:04.380 [main] INFO  MAIL_SYNC_LOGGER - MailSyncService initialized with EmailRepository.
26-07-18 16:47:07.568 [scheduling-1] INFO  MAIL_SYNC_LOGGER - =============================Starting mail sync task...===================================
26-07-18 16:47:07.569 [scheduling-1] INFO  MAIL_SYNC_LOGGER - Syncing emails for account: gunnitttt@gmail.com
26-07-18 16:47:07.607 [scheduling-1] INFO  MAIL_SYNC_LOGGER - Attempting standard authentication connection for user: gunnitttt@gmail.com
26-07-18 16:47:09.374 [scheduling-1] INFO  MAIL_SYNC_LOGGER - Successfully established connection to corporate mail store.
26-07-18 16:47:10.077 [scheduling-1] INFO  MAIL_SYNC_LOGGER - [gunnitttt@gmail.com] Folder 'INBOX' opened. Total messages: 1
26-07-18 16:47:10.610 [scheduling-1] INFO  MAIL_SYNC_LOGGER - [gunnitttt@gmail.com] Processing new email. ID: <20260717162448.1.b'83FF24A6E3E4AD86'@emails.whop.com> | Subject: Zach Boyajian Clipping
26-07-18 16:47:11.199 [scheduling-1] INFO  MAIL_SYNC_LOGGER - [New Thread] No parent found. Generated new Contact ID: 4431199
26-07-18 16:47:11.531 [scheduling-1] DEBUG MAIL_SYNC_LOGGER - Parsing part with Content-Type: TEXT/HTML; charset=utf-8
26-07-18 16:47:13.071 [scheduling-1] INFO  MAIL_SYNC_LOGGER - [gunnitttt@gmail.com] Saved email ID: <20260717162448.1.b'83FF24A6E3E4AD86'@emails.whop.com>. Attachments count: 0
26-07-18 16:47:13.543 [scheduling-1] INFO  MAIL_SYNC_LOGGER - [gunnitttt@gmail.com] Successfully archived email: Zach Boyajian Clipping
26-07-18 16:47:14.332 [scheduling-1] INFO  MAIL_SYNC_LOGGER - =================================Mail sync task completed.====================================
26-07-18 17:45:26.151 [main] INFO  MAIL_SYNC_LOGGER - MailSyncService initialized with EmailRepository.
26-07-18 17:45:29.208 [scheduling-1] INFO  MAIL_SYNC_LOGGER - =============================Starting mail sync task...===================================
26-07-18 17:45:29.209 [scheduling-1] INFO  MAIL_SYNC_LOGGER - Syncing emails for account: gunnitttt@gmail.com
26-07-18 17:45:29.257 [scheduling-1] INFO  MAIL_SYNC_LOGGER - Attempting standard authentication connection for user: gunnitttt@gmail.com
26-07-18 17:45:31.094 [scheduling-1] INFO  MAIL_SYNC_LOGGER - Successfully established connection to corporate mail store.
26-07-18 17:45:31.665 [scheduling-1] INFO  MAIL_SYNC_LOGGER - [gunnitttt@gmail.com] Folder 'INBOX' opened. Total messages: 0
26-07-18 17:45:32.538 [scheduling-1] INFO  MAIL_SYNC_LOGGER - =================================Mail sync task completed.====================================
26-07-18 17:50:29.209 [scheduling-1] INFO  MAIL_SYNC_LOGGER - =============================Starting mail sync task...===================================
26-07-18 17:50:29.209 [scheduling-1] INFO  MAIL_SYNC_LOGGER - Syncing emails for account: gunnitttt@gmail.com
26-07-18 17:50:29.212 [scheduling-1] INFO  MAIL_SYNC_LOGGER - Attempting standard authentication connection for user: gunnitttt@gmail.com
26-07-18 17:50:30.721 [scheduling-1] INFO  MAIL_SYNC_LOGGER - Successfully established connection to corporate mail store.
26-07-18 17:50:31.264 [scheduling-1] INFO  MAIL_SYNC_LOGGER - [gunnitttt@gmail.com] Folder 'INBOX' opened. Total messages: 0
26-07-18 17:50:32.070 [scheduling-1] INFO  MAIL_SYNC_LOGGER - =================================Mail sync task completed.====================================
26-07-18 17:55:29.222 [scheduling-1] INFO  MAIL_SYNC_LOGGER - =============================Starting mail sync task...===================================
26-07-18 17:55:29.222 [scheduling-1] INFO  MAIL_SYNC_LOGGER - Syncing emails for account: gunnitttt@gmail.com
26-07-18 17:55:29.225 [scheduling-1] INFO  MAIL_SYNC_LOGGER - Attempting standard authentication connection for user: gunnitttt@gmail.com
26-07-18 17:55:30.912 [scheduling-1] INFO  MAIL_SYNC_LOGGER - Successfully established connection to corporate mail store.
26-07-18 17:55:31.453 [scheduling-1] INFO  MAIL_SYNC_LOGGER - [gunnitttt@gmail.com] Folder 'INBOX' opened. Total messages: 0
26-07-18 17:55:32.237 [scheduling-1] INFO  MAIL_SYNC_LOGGER - =================================Mail sync task completed.====================================
26-07-18 18:00:29.208 [scheduling-1] INFO  MAIL_SYNC_LOGGER - =============================Starting mail sync task...===================================
26-07-18 18:00:29.209 [scheduling-1] INFO  MAIL_SYNC_LOGGER - Syncing emails for account: gunnitttt@gmail.com
26-07-18 18:00:29.215 [scheduling-1] INFO  MAIL_SYNC_LOGGER - Attempting standard authentication connection for user: gunnitttt@gmail.com
26-07-18 18:00:30.931 [scheduling-1] INFO  MAIL_SYNC_LOGGER - Successfully established connection to corporate mail store.
26-07-18 18:00:31.573 [scheduling-1] INFO  MAIL_SYNC_LOGGER - [gunnitttt@gmail.com] Folder 'INBOX' opened. Total messages: 0
26-07-18 18:00:32.504 [scheduling-1] INFO  MAIL_SYNC_LOGGER - =================================Mail sync task completed.====================================
26-07-18 18:05:29.221 [scheduling-1] INFO  MAIL_SYNC_LOGGER - =============================Starting mail sync task...===================================
26-07-18 18:05:29.221 [scheduling-1] INFO  MAIL_SYNC_LOGGER - Syncing emails for account: gunnitttt@gmail.com
26-07-18 18:05:29.225 [scheduling-1] INFO  MAIL_SYNC_LOGGER - Attempting standard authentication connection for user: gunnitttt@gmail.com
26-07-18 18:05:31.235 [scheduling-1] INFO  MAIL_SYNC_LOGGER - Successfully established connection to corporate mail store.
26-07-18 18:05:31.791 [scheduling-1] INFO  MAIL_SYNC_LOGGER - [gunnitttt@gmail.com] Folder 'INBOX' opened. Total messages: 0
26-07-18 18:05:32.634 [scheduling-1] INFO  MAIL_SYNC_LOGGER - =================================Mail sync task completed.====================================
26-07-18 18:06:21.327 [main] INFO  MAIL_SYNC_LOGGER - MailSyncService initialized with EmailRepository.
26-07-18 18:06:24.394 [scheduling-1] INFO  MAIL_SYNC_LOGGER - =============================Starting mail sync task...===================================
26-07-18 18:06:24.395 [scheduling-1] INFO  MAIL_SYNC_LOGGER - Syncing emails for account: gunnitttt@gmail.com
26-07-18 18:06:24.424 [scheduling-1] INFO  MAIL_SYNC_LOGGER - Attempting standard authentication connection for user: gunnitttt@gmail.com
26-07-18 18:06:26.235 [scheduling-1] INFO  MAIL_SYNC_LOGGER - Successfully established connection to corporate mail store.
26-07-18 18:06:26.822 [scheduling-1] INFO  MAIL_SYNC_LOGGER - [gunnitttt@gmail.com] Folder 'INBOX' opened. Total messages: 0
26-07-18 18:06:27.655 [scheduling-1] INFO  MAIL_SYNC_LOGGER - =================================Mail sync task completed.====================================
26-07-18 18:13:03.567 [scheduling-1] INFO  MAIL_SYNC_LOGGER - =============================Starting mail sync task...===================================
26-07-18 18:13:03.567 [scheduling-1] INFO  MAIL_SYNC_LOGGER - Syncing emails for account: gunnitttt@gmail.com
26-07-18 18:13:03.569 [scheduling-1] INFO  MAIL_SYNC_LOGGER - Attempting standard authentication connection for user: gunnitttt@gmail.com
26-07-18 18:13:05.940 [scheduling-1] INFO  MAIL_SYNC_LOGGER - Successfully established connection to corporate mail store.
26-07-18 18:13:06.673 [scheduling-1] INFO  MAIL_SYNC_LOGGER - [gunnitttt@gmail.com] Folder 'INBOX' opened. Total messages: 0
26-07-18 18:13:08.222 [scheduling-1] INFO  MAIL_SYNC_LOGGER - =================================Mail sync task completed.====================================
26-07-18 18:16:16.186 [main] INFO  MAIL_SYNC_LOGGER - MailSyncService initialized with EmailRepository.
26-07-18 18:16:19.410 [scheduling-1] INFO  MAIL_SYNC_LOGGER - =============================Starting mail sync task...===================================
26-07-18 18:16:19.411 [scheduling-1] INFO  MAIL_SYNC_LOGGER - Syncing emails for account: gunnitttt@gmail.com
26-07-18 18:16:19.465 [scheduling-1] INFO  MAIL_SYNC_LOGGER - Attempting standard authentication connection for user: gunnitttt@gmail.com
26-07-18 18:16:21.160 [scheduling-1] INFO  MAIL_SYNC_LOGGER - Successfully established connection to corporate mail store.
26-07-18 18:16:21.708 [scheduling-1] INFO  MAIL_SYNC_LOGGER - [gunnitttt@gmail.com] Folder 'INBOX' opened. Total messages: 0
26-07-18 18:16:22.482 [scheduling-1] INFO  MAIL_SYNC_LOGGER - =================================Mail sync task completed.====================================
26-07-18 18:24:29.726 [main] INFO  MAIL_SYNC_LOGGER - MailSyncService initialized with EmailRepository.
26-07-18 18:24:32.854 [scheduling-1] INFO  MAIL_SYNC_LOGGER - =============================Starting mail sync task...===================================
26-07-18 18:24:32.855 [scheduling-1] INFO  MAIL_SYNC_LOGGER - Syncing emails for account: gunnitttt@gmail.com
26-07-18 18:24:32.882 [scheduling-1] INFO  MAIL_SYNC_LOGGER - Attempting standard authentication connection for user: gunnitttt@gmail.com
26-07-18 18:24:34.660 [scheduling-1] INFO  MAIL_SYNC_LOGGER - Successfully established connection to corporate mail store.
26-07-18 18:24:35.214 [scheduling-1] INFO  MAIL_SYNC_LOGGER - [gunnitttt@gmail.com] Folder 'INBOX' opened. Total messages: 0
26-07-18 18:24:36.015 [scheduling-1] INFO  MAIL_SYNC_LOGGER - =================================Mail sync task completed.====================================
26-07-18 18:29:32.859 [scheduling-1] INFO  MAIL_SYNC_LOGGER - =============================Starting mail sync task...===================================
26-07-18 18:29:32.859 [scheduling-1] INFO  MAIL_SYNC_LOGGER - Syncing emails for account: gunnitttt@gmail.com
26-07-18 18:29:32.863 [scheduling-1] INFO  MAIL_SYNC_LOGGER - Attempting standard authentication connection for user: gunnitttt@gmail.com
26-07-18 18:29:34.658 [scheduling-1] INFO  MAIL_SYNC_LOGGER - Successfully established connection to corporate mail store.
26-07-18 18:29:35.212 [scheduling-1] INFO  MAIL_SYNC_LOGGER - [gunnitttt@gmail.com] Folder 'INBOX' opened. Total messages: 0
26-07-18 18:29:36.040 [scheduling-1] INFO  MAIL_SYNC_LOGGER - =================================Mail sync task completed.====================================
26-07-18 18:34:32.864 [scheduling-1] INFO  MAIL_SYNC_LOGGER - =============================Starting mail sync task...===================================
26-07-18 18:34:32.864 [scheduling-1] INFO  MAIL_SYNC_LOGGER - Syncing emails for account: gunnitttt@gmail.com
26-07-18 18:34:32.866 [scheduling-1] INFO  MAIL_SYNC_LOGGER - Attempting standard authentication connection for user: gunnitttt@gmail.com
26-07-18 18:34:34.454 [scheduling-1] INFO  MAIL_SYNC_LOGGER - Successfully established connection to corporate mail store.
26-07-18 18:34:35.002 [scheduling-1] INFO  MAIL_SYNC_LOGGER - [gunnitttt@gmail.com] Folder 'INBOX' opened. Total messages: 0
26-07-18 18:34:35.842 [scheduling-1] INFO  MAIL_SYNC_LOGGER - =================================Mail sync task completed.====================================
26-07-18 18:39:32.860 [scheduling-1] INFO  MAIL_SYNC_LOGGER - =============================Starting mail sync task...===================================
26-07-18 18:39:32.860 [scheduling-1] INFO  MAIL_SYNC_LOGGER - Syncing emails for account: gunnitttt@gmail.com
26-07-18 18:39:32.861 [scheduling-1] INFO  MAIL_SYNC_LOGGER - Attempting standard authentication connection for user: gunnitttt@gmail.com
26-07-18 18:39:34.524 [scheduling-1] INFO  MAIL_SYNC_LOGGER - Successfully established connection to corporate mail store.
26-07-18 18:39:35.057 [scheduling-1] INFO  MAIL_SYNC_LOGGER - [gunnitttt@gmail.com] Folder 'INBOX' opened. Total messages: 0
26-07-18 18:39:35.818 [scheduling-1] INFO  MAIL_SYNC_LOGGER - =================================Mail sync task completed.====================================
26-07-18 18:44:32.869 [scheduling-1] INFO  MAIL_SYNC_LOGGER - =============================Starting mail sync task...===================================
26-07-18 18:44:32.869 [scheduling-1] INFO  MAIL_SYNC_LOGGER - Syncing emails for account: gunnitttt@gmail.com
26-07-18 18:44:32.871 [scheduling-1] INFO  MAIL_SYNC_LOGGER - Attempting standard authentication connection for user: gunnitttt@gmail.com
26-07-18 18:44:34.591 [scheduling-1] INFO  MAIL_SYNC_LOGGER - Successfully established connection to corporate mail store.
26-07-18 18:44:35.145 [scheduling-1] INFO  MAIL_SYNC_LOGGER - [gunnitttt@gmail.com] Folder 'INBOX' opened. Total messages: 0
26-07-18 18:44:35.951 [scheduling-1] INFO  MAIL_SYNC_LOGGER - =================================Mail sync task completed.====================================
26-07-18 19:52:43.024 [main] INFO  MAIL_SYNC_LOGGER - MailSyncService initialized with EmailRepository.
26-07-18 19:52:45.475 [scheduling-1] INFO  MAIL_SYNC_LOGGER - =============================Starting mail sync task...===================================
26-07-18 19:52:45.476 [scheduling-1] INFO  MAIL_SYNC_LOGGER - Syncing emails for account: gunnitttt@gmail.com
26-07-18 19:52:45.502 [scheduling-1] INFO  MAIL_SYNC_LOGGER - Attempting standard authentication connection for user: gunnitttt@gmail.com
26-07-18 19:52:47.359 [scheduling-1] INFO  MAIL_SYNC_LOGGER - Successfully established connection to corporate mail store.
26-07-18 19:52:48.010 [scheduling-1] INFO  MAIL_SYNC_LOGGER - [gunnitttt@gmail.com] Folder 'INBOX' opened. Total messages: 0
26-07-18 19:52:48.913 [scheduling-1] INFO  MAIL_SYNC_LOGGER - =================================Mail sync task completed.====================================
26-07-18 19:57:45.475 [scheduling-1] INFO  MAIL_SYNC_LOGGER - =============================Starting mail sync task...===================================
26-07-18 19:57:45.475 [scheduling-1] INFO  MAIL_SYNC_LOGGER - Syncing emails for account: gunnitttt@gmail.com
26-07-18 19:57:45.477 [scheduling-1] INFO  MAIL_SYNC_LOGGER - Attempting standard authentication connection for user: gunnitttt@gmail.com
26-07-18 19:57:47.155 [scheduling-1] INFO  MAIL_SYNC_LOGGER - Successfully established connection to corporate mail store.
26-07-18 19:57:47.766 [scheduling-1] INFO  MAIL_SYNC_LOGGER - [gunnitttt@gmail.com] Folder 'INBOX' opened. Total messages: 0
26-07-18 19:57:48.563 [scheduling-1] INFO  MAIL_SYNC_LOGGER - =================================Mail sync task completed.====================================
26-07-18 20:02:45.482 [scheduling-1] INFO  MAIL_SYNC_LOGGER - =============================Starting mail sync task...===================================
26-07-18 20:02:45.482 [scheduling-1] INFO  MAIL_SYNC_LOGGER - Syncing emails for account: gunnitttt@gmail.com
26-07-18 20:02:45.484 [scheduling-1] INFO  MAIL_SYNC_LOGGER - Attempting standard authentication connection for user: gunnitttt@gmail.com
26-07-18 20:02:47.444 [scheduling-1] INFO  MAIL_SYNC_LOGGER - Successfully established connection to corporate mail store.
26-07-18 20:02:47.987 [scheduling-1] INFO  MAIL_SYNC_LOGGER - [gunnitttt@gmail.com] Folder 'INBOX' opened. Total messages: 0
26-07-18 20:02:49.241 [scheduling-1] INFO  MAIL_SYNC_LOGGER - =================================Mail sync task completed.====================================
26-07-18 20:07:45.487 [scheduling-1] INFO  MAIL_SYNC_LOGGER - =============================Starting mail sync task...===================================
26-07-18 20:07:45.488 [scheduling-1] INFO  MAIL_SYNC_LOGGER - Syncing emails for account: gunnitttt@gmail.com
26-07-18 20:07:45.489 [scheduling-1] INFO  MAIL_SYNC_LOGGER - Attempting standard authentication connection for user: gunnitttt@gmail.com
26-07-18 20:07:47.794 [scheduling-1] INFO  MAIL_SYNC_LOGGER - Successfully established connection to corporate mail store.
26-07-18 20:07:48.792 [scheduling-1] INFO  MAIL_SYNC_LOGGER - [gunnitttt@gmail.com] Folder 'INBOX' opened. Total messages: 0
26-07-18 20:07:50.643 [scheduling-1] INFO  MAIL_SYNC_LOGGER - =================================Mail sync task completed.====================================
26-07-18 20:09:22.531 [main] INFO  MAIL_SYNC_LOGGER - MailSyncService initialized with EmailRepository.
26-07-18 20:09:25.071 [scheduling-1] INFO  MAIL_SYNC_LOGGER - =============================Starting mail sync task...===================================
26-07-18 20:09:25.071 [scheduling-1] INFO  MAIL_SYNC_LOGGER - Syncing emails for account: gunnitttt@gmail.com
26-07-18 20:09:25.097 [scheduling-1] INFO  MAIL_SYNC_LOGGER - Attempting standard authentication connection for user: gunnitttt@gmail.com
26-07-18 20:09:26.810 [scheduling-1] INFO  MAIL_SYNC_LOGGER - Successfully established connection to corporate mail store.
26-07-18 20:09:27.554 [scheduling-1] INFO  MAIL_SYNC_LOGGER - [gunnitttt@gmail.com] Folder 'INBOX' opened. Total messages: 0
26-07-18 20:09:28.353 [scheduling-1] INFO  MAIL_SYNC_LOGGER - =================================Mail sync task completed.====================================
26-07-18 20:14:25.071 [scheduling-1] INFO  MAIL_SYNC_LOGGER - =============================Starting mail sync task...===================================
26-07-18 20:14:25.071 [scheduling-1] INFO  MAIL_SYNC_LOGGER - Syncing emails for account: gunnitttt@gmail.com
26-07-18 20:14:25.074 [scheduling-1] INFO  MAIL_SYNC_LOGGER - Attempting standard authentication connection for user: gunnitttt@gmail.com
26-07-18 20:14:26.727 [scheduling-1] INFO  MAIL_SYNC_LOGGER - Successfully established connection to corporate mail store.
26-07-18 20:14:27.292 [scheduling-1] INFO  MAIL_SYNC_LOGGER - [gunnitttt@gmail.com] Folder 'INBOX' opened. Total messages: 0
26-07-18 20:14:28.054 [scheduling-1] INFO  MAIL_SYNC_LOGGER - =================================Mail sync task completed.====================================
26-07-18 20:19:25.080 [scheduling-1] INFO  MAIL_SYNC_LOGGER - =============================Starting mail sync task...===================================
26-07-18 20:19:25.080 [scheduling-1] INFO  MAIL_SYNC_LOGGER - Syncing emails for account: gunnitttt@gmail.com
26-07-18 20:19:25.082 [scheduling-1] INFO  MAIL_SYNC_LOGGER - Attempting standard authentication connection for user: gunnitttt@gmail.com
26-07-18 20:19:26.779 [scheduling-1] INFO  MAIL_SYNC_LOGGER - Successfully established connection to corporate mail store.
26-07-18 20:19:27.363 [scheduling-1] INFO  MAIL_SYNC_LOGGER - [gunnitttt@gmail.com] Folder 'INBOX' opened. Total messages: 0
26-07-18 20:19:28.208 [scheduling-1] INFO  MAIL_SYNC_LOGGER - =================================Mail sync task completed.====================================
26-07-18 20:24:25.085 [scheduling-1] INFO  MAIL_SYNC_LOGGER - =============================Starting mail sync task...===================================
26-07-18 20:24:25.085 [scheduling-1] INFO  MAIL_SYNC_LOGGER - Syncing emails for account: gunnitttt@gmail.com
26-07-18 20:24:25.087 [scheduling-1] INFO  MAIL_SYNC_LOGGER - Attempting standard authentication connection for user: gunnitttt@gmail.com
26-07-18 20:24:26.768 [scheduling-1] INFO  MAIL_SYNC_LOGGER - Successfully established connection to corporate mail store.
26-07-18 20:24:27.358 [scheduling-1] INFO  MAIL_SYNC_LOGGER - [gunnitttt@gmail.com] Folder 'INBOX' opened. Total messages: 0
26-07-18 20:24:28.167 [scheduling-1] INFO  MAIL_SYNC_LOGGER - =================================Mail sync task completed.====================================
26-07-18 20:29:25.083 [scheduling-1] INFO  MAIL_SYNC_LOGGER - =============================Starting mail sync task...===================================
26-07-18 20:29:25.083 [scheduling-1] INFO  MAIL_SYNC_LOGGER - Syncing emails for account: gunnitttt@gmail.com
26-07-18 20:29:25.083 [scheduling-1] INFO  MAIL_SYNC_LOGGER - Attempting standard authentication connection for user: gunnitttt@gmail.com
26-07-18 20:29:26.447 [scheduling-1] INFO  MAIL_SYNC_LOGGER - Successfully established connection to corporate mail store.
26-07-18 20:29:26.935 [scheduling-1] INFO  MAIL_SYNC_LOGGER - [gunnitttt@gmail.com] Folder 'INBOX' opened. Total messages: 0
26-07-18 20:29:27.692 [scheduling-1] INFO  MAIL_SYNC_LOGGER - =================================Mail sync task completed.====================================
26-07-18 20:34:25.074 [scheduling-1] INFO  MAIL_SYNC_LOGGER - =============================Starting mail sync task...===================================
26-07-18 20:34:25.074 [scheduling-1] INFO  MAIL_SYNC_LOGGER - Syncing emails for account: gunnitttt@gmail.com
26-07-18 20:34:25.077 [scheduling-1] INFO  MAIL_SYNC_LOGGER - Attempting standard authentication connection for user: gunnitttt@gmail.com
26-07-18 20:34:27.553 [scheduling-1] INFO  MAIL_SYNC_LOGGER - Successfully established connection to corporate mail store.
26-07-18 20:34:28.362 [scheduling-1] INFO  MAIL_SYNC_LOGGER - [gunnitttt@gmail.com] Folder 'INBOX' opened. Total messages: 0
26-07-18 20:34:29.478 [scheduling-1] INFO  MAIL_SYNC_LOGGER - =================================Mail sync task completed.====================================
26-07-18 20:39:25.078 [scheduling-1] INFO  MAIL_SYNC_LOGGER - =============================Starting mail sync task...===================================
26-07-18 20:39:25.078 [scheduling-1] INFO  MAIL_SYNC_LOGGER - Syncing emails for account: gunnitttt@gmail.com
26-07-18 20:39:25.079 [scheduling-1] INFO  MAIL_SYNC_LOGGER - Attempting standard authentication connection for user: gunnitttt@gmail.com
26-07-18 20:39:26.864 [scheduling-1] INFO  MAIL_SYNC_LOGGER - Successfully established connection to corporate mail store.
26-07-18 20:39:27.480 [scheduling-1] INFO  MAIL_SYNC_LOGGER - [gunnitttt@gmail.com] Folder 'INBOX' opened. Total messages: 0
26-07-18 20:39:28.512 [scheduling-1] INFO  MAIL_SYNC_LOGGER - =================================Mail sync task completed.====================================
26-07-18 20:44:25.074 [scheduling-1] INFO  MAIL_SYNC_LOGGER - =============================Starting mail sync task...===================================
26-07-18 20:44:25.074 [scheduling-1] INFO  MAIL_SYNC_LOGGER - Syncing emails for account: gunnitttt@gmail.com
26-07-18 20:44:25.074 [scheduling-1] INFO  MAIL_SYNC_LOGGER - Attempting standard authentication connection for user: gunnitttt@gmail.com
26-07-18 20:44:26.749 [scheduling-1] INFO  MAIL_SYNC_LOGGER - Successfully established connection to corporate mail store.
26-07-18 20:44:27.304 [scheduling-1] INFO  MAIL_SYNC_LOGGER - [gunnitttt@gmail.com] Folder 'INBOX' opened. Total messages: 0
26-07-18 20:44:28.088 [scheduling-1] INFO  MAIL_SYNC_LOGGER - =================================Mail sync task completed.====================================
26-07-18 20:49:25.078 [scheduling-1] INFO  MAIL_SYNC_LOGGER - =============================Starting mail sync task...===================================
26-07-18 20:49:25.078 [scheduling-1] INFO  MAIL_SYNC_LOGGER - Syncing emails for account: gunnitttt@gmail.com
26-07-18 20:49:25.080 [scheduling-1] INFO  MAIL_SYNC_LOGGER - Attempting standard authentication connection for user: gunnitttt@gmail.com
26-07-18 20:49:27.582 [scheduling-1] INFO  MAIL_SYNC_LOGGER - Successfully established connection to corporate mail store.
26-07-18 20:49:28.180 [scheduling-1] INFO  MAIL_SYNC_LOGGER - [gunnitttt@gmail.com] Folder 'INBOX' opened. Total messages: 0
26-07-18 20:49:29.021 [scheduling-1] INFO  MAIL_SYNC_LOGGER - =================================Mail sync task completed.====================================
26-07-18 20:53:23.281 [main] INFO  MAIL_SYNC_LOGGER - MailSyncService initialized with EmailRepository.
26-07-18 20:53:25.544 [scheduling-1] INFO  MAIL_SYNC_LOGGER - =============================Starting mail sync task...===================================
26-07-18 20:53:25.544 [scheduling-1] INFO  MAIL_SYNC_LOGGER - Syncing emails for account: gunnitttt@gmail.com
26-07-18 20:53:25.568 [scheduling-1] INFO  MAIL_SYNC_LOGGER - Attempting standard authentication connection for user: gunnitttt@gmail.com
26-07-18 20:53:27.155 [scheduling-1] INFO  MAIL_SYNC_LOGGER - Successfully established connection to corporate mail store.
26-07-18 20:53:27.701 [scheduling-1] INFO  MAIL_SYNC_LOGGER - [gunnitttt@gmail.com] Folder 'INBOX' opened. Total messages: 0
26-07-18 20:53:28.482 [scheduling-1] INFO  MAIL_SYNC_LOGGER - =================================Mail sync task completed.====================================
26-07-18 20:58:25.560 [scheduling-1] INFO  MAIL_SYNC_LOGGER - =============================Starting mail sync task...===================================
26-07-18 20:58:25.560 [scheduling-1] INFO  MAIL_SYNC_LOGGER - Syncing emails for account: gunnitttt@gmail.com
26-07-18 20:58:25.560 [scheduling-1] INFO  MAIL_SYNC_LOGGER - Attempting standard authentication connection for user: gunnitttt@gmail.com
26-07-18 20:58:27.147 [scheduling-1] INFO  MAIL_SYNC_LOGGER - Successfully established connection to corporate mail store.
26-07-18 20:58:27.677 [scheduling-1] INFO  MAIL_SYNC_LOGGER - [gunnitttt@gmail.com] Folder 'INBOX' opened. Total messages: 0
26-07-18 20:58:28.417 [scheduling-1] INFO  MAIL_SYNC_LOGGER - =================================Mail sync task completed.====================================
26-07-18 21:02:56.929 [main] INFO  MAIL_SYNC_LOGGER - MailSyncService initialized with EmailRepository.
26-07-18 21:02:59.881 [scheduling-1] INFO  MAIL_SYNC_LOGGER - =============================Starting mail sync task...===================================
26-07-18 21:02:59.881 [scheduling-1] INFO  MAIL_SYNC_LOGGER - Syncing emails for account: gunnitttt@gmail.com
26-07-18 21:02:59.904 [scheduling-1] INFO  MAIL_SYNC_LOGGER - Attempting standard authentication connection for user: gunnitttt@gmail.com
26-07-18 21:03:01.949 [scheduling-1] INFO  MAIL_SYNC_LOGGER - Successfully established connection to corporate mail store.
26-07-18 21:03:02.575 [scheduling-1] INFO  MAIL_SYNC_LOGGER - [gunnitttt@gmail.com] Folder 'INBOX' opened. Total messages: 0
26-07-18 21:03:03.463 [scheduling-1] INFO  MAIL_SYNC_LOGGER - =================================Mail sync task completed.====================================
26-07-18 21:03:49.654 [main] INFO  MAIL_SYNC_LOGGER - MailSyncService initialized with EmailRepository.
26-07-18 21:03:51.893 [scheduling-1] INFO  MAIL_SYNC_LOGGER - =============================Starting mail sync task...===================================
26-07-18 21:03:51.894 [scheduling-1] INFO  MAIL_SYNC_LOGGER - Syncing emails for account: gunnitttt@gmail.com
26-07-18 21:03:51.915 [scheduling-1] INFO  MAIL_SYNC_LOGGER - Attempting standard authentication connection for user: gunnitttt@gmail.com
26-07-18 21:03:55.127 [scheduling-1] INFO  MAIL_SYNC_LOGGER - Successfully established connection to corporate mail store.
26-07-18 21:03:55.905 [scheduling-1] INFO  MAIL_SYNC_LOGGER - [gunnitttt@gmail.com] Folder 'INBOX' opened. Total messages: 0
26-07-18 21:03:57.198 [scheduling-1] INFO  MAIL_SYNC_LOGGER - =================================Mail sync task completed.====================================
26-07-18 21:08:51.896 [scheduling-1] INFO  MAIL_SYNC_LOGGER - =============================Starting mail sync task...===================================
26-07-18 21:08:51.896 [scheduling-1] INFO  MAIL_SYNC_LOGGER - Syncing emails for account: gunnitttt@gmail.com
26-07-18 21:08:51.898 [scheduling-1] INFO  MAIL_SYNC_LOGGER - Attempting standard authentication connection for user: gunnitttt@gmail.com
26-07-18 21:08:53.618 [scheduling-1] INFO  MAIL_SYNC_LOGGER - Successfully established connection to corporate mail store.
26-07-18 21:08:54.301 [scheduling-1] INFO  MAIL_SYNC_LOGGER - [gunnitttt@gmail.com] Folder 'INBOX' opened. Total messages: 0
26-07-18 21:08:55.898 [scheduling-1] INFO  MAIL_SYNC_LOGGER - =================================Mail sync task completed.====================================
26-07-18 21:13:51.906 [scheduling-1] INFO  MAIL_SYNC_LOGGER - =============================Starting mail sync task...===================================
26-07-18 21:13:51.906 [scheduling-1] INFO  MAIL_SYNC_LOGGER - Syncing emails for account: gunnitttt@gmail.com
26-07-18 21:13:51.908 [scheduling-1] INFO  MAIL_SYNC_LOGGER - Attempting standard authentication connection for user: gunnitttt@gmail.com
26-07-18 21:13:53.547 [scheduling-1] INFO  MAIL_SYNC_LOGGER - Successfully established connection to corporate mail store.
26-07-18 21:13:54.181 [scheduling-1] INFO  MAIL_SYNC_LOGGER - [gunnitttt@gmail.com] Folder 'INBOX' opened. Total messages: 0
26-07-18 21:13:54.986 [scheduling-1] INFO  MAIL_SYNC_LOGGER - =================================Mail sync task completed.====================================
26-07-18 21:19:35.906 [main] INFO  MAIL_SYNC_LOGGER - MailSyncService initialized with EmailRepository.
26-07-18 21:19:38.226 [scheduling-1] INFO  MAIL_SYNC_LOGGER - =============================Starting mail sync task...===================================
26-07-18 21:19:38.227 [scheduling-1] INFO  MAIL_SYNC_LOGGER - Syncing emails for account: gunnitttt@gmail.com
26-07-18 21:19:38.256 [scheduling-1] INFO  MAIL_SYNC_LOGGER - Attempting standard authentication connection for user: gunnitttt@gmail.com
26-07-18 21:19:40.069 [scheduling-1] INFO  MAIL_SYNC_LOGGER - Successfully established connection to corporate mail store.
26-07-18 21:19:40.650 [scheduling-1] INFO  MAIL_SYNC_LOGGER - [gunnitttt@gmail.com] Folder 'INBOX' opened. Total messages: 0
26-07-18 21:19:41.490 [scheduling-1] INFO  MAIL_SYNC_LOGGER - =================================Mail sync task completed.====================================
26-07-18 21:24:38.236 [scheduling-1] INFO  MAIL_SYNC_LOGGER - =============================Starting mail sync task...===================================
26-07-18 21:24:38.236 [scheduling-1] INFO  MAIL_SYNC_LOGGER - Syncing emails for account: gunnitttt@gmail.com
26-07-18 21:24:38.236 [scheduling-1] INFO  MAIL_SYNC_LOGGER - Attempting standard authentication connection for user: gunnitttt@gmail.com
26-07-18 21:24:40.930 [scheduling-1] INFO  MAIL_SYNC_LOGGER - Successfully established connection to corporate mail store.
26-07-18 21:24:42.145 [scheduling-1] INFO  MAIL_SYNC_LOGGER - [gunnitttt@gmail.com] Folder 'INBOX' opened. Total messages: 0
26-07-18 21:24:43.685 [scheduling-1] INFO  MAIL_SYNC_LOGGER - =================================Mail sync task completed.====================================
26-07-18 21:43:39.338 [main] INFO  MAIL_SYNC_LOGGER - MailSyncService initialized with EmailRepository.
26-07-18 21:43:41.887 [scheduling-1] INFO  MAIL_SYNC_LOGGER - =============================Starting mail sync task...===================================
26-07-18 21:43:41.887 [scheduling-1] INFO  MAIL_SYNC_LOGGER - Syncing emails for account: gunnitttt@gmail.com
26-07-18 21:43:41.943 [scheduling-1] INFO  MAIL_SYNC_LOGGER - Attempting standard authentication connection for user: gunnitttt@gmail.com
26-07-18 21:43:43.679 [scheduling-1] INFO  MAIL_SYNC_LOGGER - Successfully established connection to corporate mail store.
26-07-18 21:43:44.228 [scheduling-1] INFO  MAIL_SYNC_LOGGER - [gunnitttt@gmail.com] Folder 'INBOX' opened. Total messages: 0
26-07-18 21:43:45.024 [scheduling-1] INFO  MAIL_SYNC_LOGGER - =================================Mail sync task completed.====================================
26-07-18 21:45:47.323 [main] INFO  MAIL_SYNC_LOGGER - MailSyncService initialized with EmailRepository.
26-07-18 21:45:50.182 [scheduling-1] INFO  MAIL_SYNC_LOGGER - =============================Starting mail sync task...===================================
26-07-18 21:45:50.182 [scheduling-1] INFO  MAIL_SYNC_LOGGER - Syncing emails for account: gunnitttt@gmail.com
26-07-18 21:45:50.203 [scheduling-1] INFO  MAIL_SYNC_LOGGER - Attempting standard authentication connection for user: gunnitttt@gmail.com
26-07-18 21:45:52.096 [scheduling-1] INFO  MAIL_SYNC_LOGGER - Successfully established connection to corporate mail store.
26-07-18 21:45:52.662 [scheduling-1] INFO  MAIL_SYNC_LOGGER - [gunnitttt@gmail.com] Folder 'INBOX' opened. Total messages: 0
26-07-18 21:45:53.498 [scheduling-1] INFO  MAIL_SYNC_LOGGER - =================================Mail sync task completed.====================================
26-07-18 21:50:50.198 [scheduling-1] INFO  MAIL_SYNC_LOGGER - =============================Starting mail sync task...===================================
26-07-18 21:50:50.198 [scheduling-1] INFO  MAIL_SYNC_LOGGER - Syncing emails for account: gunnitttt@gmail.com
26-07-18 21:50:50.200 [scheduling-1] INFO  MAIL_SYNC_LOGGER - Attempting standard authentication connection for user: gunnitttt@gmail.com
26-07-18 21:50:52.464 [scheduling-1] INFO  MAIL_SYNC_LOGGER - Successfully established connection to corporate mail store.
26-07-18 21:50:53.050 [scheduling-1] INFO  MAIL_SYNC_LOGGER - [gunnitttt@gmail.com] Folder 'INBOX' opened. Total messages: 0
26-07-18 21:50:53.922 [scheduling-1] INFO  MAIL_SYNC_LOGGER - =================================Mail sync task completed.====================================
26-07-18 21:55:50.190 [scheduling-1] INFO  MAIL_SYNC_LOGGER - =============================Starting mail sync task...===================================
26-07-18 21:55:50.190 [scheduling-1] INFO  MAIL_SYNC_LOGGER - Syncing emails for account: gunnitttt@gmail.com
26-07-18 21:55:50.193 [scheduling-1] INFO  MAIL_SYNC_LOGGER - Attempting standard authentication connection for user: gunnitttt@gmail.com
26-07-18 21:55:51.853 [scheduling-1] INFO  MAIL_SYNC_LOGGER - Successfully established connection to corporate mail store.
26-07-18 21:55:52.380 [scheduling-1] INFO  MAIL_SYNC_LOGGER - [gunnitttt@gmail.com] Folder 'INBOX' opened. Total messages: 0
26-07-18 21:55:53.154 [scheduling-1] INFO  MAIL_SYNC_LOGGER - =================================Mail sync task completed.====================================
26-07-18 22:00:50.194 [scheduling-1] INFO  MAIL_SYNC_LOGGER - =============================Starting mail sync task...===================================
26-07-18 22:00:50.194 [scheduling-1] INFO  MAIL_SYNC_LOGGER - Syncing emails for account: gunnitttt@gmail.com
26-07-18 22:00:50.196 [scheduling-1] INFO  MAIL_SYNC_LOGGER - Attempting standard authentication connection for user: gunnitttt@gmail.com
26-07-18 22:00:52.334 [scheduling-1] INFO  MAIL_SYNC_LOGGER - Successfully established connection to corporate mail store.
26-07-18 22:00:53.471 [scheduling-1] INFO  MAIL_SYNC_LOGGER - [gunnitttt@gmail.com] Folder 'INBOX' opened. Total messages: 0
26-07-18 22:00:54.281 [scheduling-1] INFO  MAIL_SYNC_LOGGER - =================================Mail sync task completed.====================================
26-07-18 22:05:50.188 [scheduling-1] INFO  MAIL_SYNC_LOGGER - =============================Starting mail sync task...===================================
26-07-18 22:05:50.188 [scheduling-1] INFO  MAIL_SYNC_LOGGER - Syncing emails for account: gunnitttt@gmail.com
26-07-18 22:05:50.190 [scheduling-1] INFO  MAIL_SYNC_LOGGER - Attempting standard authentication connection for user: gunnitttt@gmail.com
26-07-18 22:05:52.336 [scheduling-1] INFO  MAIL_SYNC_LOGGER - Successfully established connection to corporate mail store.
26-07-18 22:05:52.894 [scheduling-1] INFO  MAIL_SYNC_LOGGER - [gunnitttt@gmail.com] Folder 'INBOX' opened. Total messages: 0
26-07-18 22:05:53.727 [scheduling-1] INFO  MAIL_SYNC_LOGGER - =================================Mail sync task completed.====================================
26-07-18 22:10:50.198 [scheduling-1] INFO  MAIL_SYNC_LOGGER - =============================Starting mail sync task...===================================
26-07-18 22:10:50.198 [scheduling-1] INFO  MAIL_SYNC_LOGGER - Syncing emails for account: gunnitttt@gmail.com
26-07-18 22:10:50.198 [scheduling-1] INFO  MAIL_SYNC_LOGGER - Attempting standard authentication connection for user: gunnitttt@gmail.com
26-07-18 22:10:51.876 [scheduling-1] INFO  MAIL_SYNC_LOGGER - Successfully established connection to corporate mail store.
26-07-18 22:10:52.399 [scheduling-1] INFO  MAIL_SYNC_LOGGER - [gunnitttt@gmail.com] Folder 'INBOX' opened. Total messages: 0
26-07-18 22:10:53.209 [scheduling-1] INFO  MAIL_SYNC_LOGGER - =================================Mail sync task completed.====================================
