26-09-16 10:12:29.795 [main] INFO  com.example.mail.MailApplication - Starting MailApplication using Java 1.8.0_492 on Gaurang-Parmar with PID 21396 (C:\Users\AMD\Desktop\Email AACC\gaurang\Email-AACC-\target\classes started by AMD in C:\Users\AMD\Desktop\Email AACC\gaurang\Email-AACC-)
26-09-16 10:12:29.797 [main] INFO  com.example.mail.MailApplication - The following 1 profile is active: "dev"
26-09-16 10:12:30.920 [main] INFO  o.s.d.r.c.RepositoryConfigurationDelegate - Bootstrapping Spring Data JPA repositories in DEFAULT mode.
26-09-16 10:12:31.042 [main] INFO  o.s.d.r.c.RepositoryConfigurationDelegate - Finished Spring Data repository scanning in 106 ms. Found 15 JPA repository interfaces.
26-09-16 10:12:31.949 [main] INFO  o.s.b.w.e.tomcat.TomcatWebServer - Tomcat initialized with port(s): 8081 (http)
26-09-16 10:12:31.963 [main] INFO  o.a.coyote.http11.Http11NioProtocol - Initializing ProtocolHandler ["http-nio-8081"]
26-09-16 10:12:31.965 [main] INFO  o.a.catalina.core.StandardService - Starting service [Tomcat]
26-09-16 10:12:31.966 [main] INFO  o.a.catalina.core.StandardEngine - Starting Servlet engine: [Apache Tomcat/9.0.83]
26-09-16 10:12:32.090 [main] INFO  o.a.c.c.C.[Tomcat].[localhost].[/] - Initializing Spring embedded WebApplicationContext
26-09-16 10:12:32.090 [main] INFO  o.s.b.w.s.c.ServletWebServerApplicationContext - Root WebApplicationContext: initialization completed in 2235 ms
26-09-16 10:12:32.500 [main] INFO  o.h.jpa.internal.util.LogHelper - HHH000204: Processing PersistenceUnitInfo [name: default]
26-09-16 10:12:32.610 [main] INFO  org.hibernate.Version - HHH000412: Hibernate ORM core version 5.6.15.Final
26-09-16 10:12:32.884 [main] INFO  o.h.annotations.common.Version - HCANN000001: Hibernate Commons Annotations {5.1.2.Final}
26-09-16 10:12:33.055 [main] INFO  com.zaxxer.hikari.HikariDataSource - HikariPool-1 - Starting...
26-09-16 10:12:33.524 [main] INFO  com.zaxxer.hikari.HikariDataSource - HikariPool-1 - Start completed.
26-09-16 10:12:33.566 [main] INFO  org.hibernate.dialect.Dialect - HHH000400: Using dialect: org.hibernate.dialect.SQLServerDialect
26-09-16 10:12:35.355 [main] INFO  o.h.e.t.j.p.i.JtaPlatformInitiator - HHH000490: Using JtaPlatform implementation: [org.hibernate.engine.transaction.jta.platform.internal.NoJtaPlatform]
26-09-16 10:12:35.372 [main] INFO  o.s.o.j.LocalContainerEntityManagerFactoryBean - Initialized JPA EntityManagerFactory for persistence unit 'default'
26-09-16 10:12:37.482 [main] INFO  com.example.mail.config.MailConfig - Configuring JavaMailSender using active database credentials (Host: smtp.gmail.com, Port: 587, Username: parmargaurav392001@gmail.com)
26-09-16 10:12:37.482 [main] INFO  com.example.mail.config.MailConfig - Configured SMTP -> Host: smtp.gmail.com, Port: 587, Auth: true, StartTLS: true, SSLTrust: *, SSLProtocols: TLSv1.2
26-09-16 10:12:37.818 [main] WARN  o.s.b.a.o.j.JpaBaseConfiguration$JpaWebConfiguration - spring.jpa.open-in-view is enabled by default. Therefore, database queries may be performed during view rendering. Explicitly configure spring.jpa.open-in-view to disable this warning
26-09-16 10:12:38.558 [main] INFO  o.a.coyote.http11.Http11NioProtocol - Starting ProtocolHandler ["http-nio-8081"]
26-09-16 10:12:38.590 [main] INFO  o.s.b.w.e.tomcat.TomcatWebServer - Tomcat started on port(s): 8081 (http) with context path ''
26-09-16 10:12:39.040 [main] INFO  com.example.mail.MailApplication - Started MailApplication in 9.888 seconds (JVM running for 10.841)
26-09-16 10:12:53.428 [http-nio-8081-exec-1] INFO  o.a.c.c.C.[Tomcat].[localhost].[/] - Initializing Spring DispatcherServlet 'dispatcherServlet'
26-09-16 10:12:53.429 [http-nio-8081-exec-1] INFO  o.s.web.servlet.DispatcherServlet - Initializing Servlet 'dispatcherServlet'
26-09-16 10:12:53.430 [http-nio-8081-exec-1] INFO  o.s.web.servlet.DispatcherServlet - Completed initialization in 1 ms
26-09-16 10:12:53.658 [http-nio-8081-exec-1] INFO  c.e.m.s.MailConfigurationService - Extracting mail configuration for ContactID: 9339387, Skillset: null using procedure: USP_GetMailConfiguration
26-09-16 10:12:53.831 [http-nio-8081-exec-1] INFO  c.e.m.s.MailConfigurationService - Successfully extracted SMTP configuration from procedure USP_GetMailConfiguration (Host: smtp.gmail.com, Port: 587, Username: your-email@gmail.com, FromEmail: your-email@gmail.com)
26-09-16 10:12:53.834 [http-nio-8081-exec-1] INFO  c.e.m.s.MailConfigurationService - Building dynamic JavaMailSender -> Host: smtp.gmail.com, Port: 587, Username: your-email@gmail.com, Auth: true, StartTLS: true, Trust: *
26-09-16 10:13:44.951 [main] INFO  com.example.mail.MailApplication - Starting MailApplication using Java 1.8.0_492 on Gaurang-Parmar with PID 376 (C:\Users\AMD\Desktop\Email AACC\gaurang\Email-AACC-\target\classes started by AMD in C:\Users\AMD\Desktop\Email AACC\gaurang\Email-AACC-)
26-09-16 10:13:44.960 [main] INFO  com.example.mail.MailApplication - The following 1 profile is active: "dev"
26-09-16 10:13:45.888 [main] INFO  o.s.d.r.c.RepositoryConfigurationDelegate - Bootstrapping Spring Data JPA repositories in DEFAULT mode.
26-09-16 10:13:46.001 [main] INFO  o.s.d.r.c.RepositoryConfigurationDelegate - Finished Spring Data repository scanning in 102 ms. Found 15 JPA repository interfaces.
26-09-16 10:13:46.817 [main] INFO  o.s.b.w.e.tomcat.TomcatWebServer - Tomcat initialized with port(s): 8081 (http)
26-09-16 10:13:46.826 [main] INFO  o.a.coyote.http11.Http11NioProtocol - Initializing ProtocolHandler ["http-nio-8081"]
26-09-16 10:13:46.829 [main] INFO  o.a.catalina.core.StandardService - Starting service [Tomcat]
26-09-16 10:13:46.830 [main] INFO  o.a.catalina.core.StandardEngine - Starting Servlet engine: [Apache Tomcat/9.0.83]
26-09-16 10:13:46.931 [main] INFO  o.a.c.c.C.[Tomcat].[localhost].[/] - Initializing Spring embedded WebApplicationContext
26-09-16 10:13:46.931 [main] INFO  o.s.b.w.s.c.ServletWebServerApplicationContext - Root WebApplicationContext: initialization completed in 1930 ms
26-09-16 10:13:47.232 [main] INFO  o.h.jpa.internal.util.LogHelper - HHH000204: Processing PersistenceUnitInfo [name: default]
26-09-16 10:13:47.287 [main] INFO  org.hibernate.Version - HHH000412: Hibernate ORM core version 5.6.15.Final
26-09-16 10:13:47.436 [main] INFO  o.h.annotations.common.Version - HCANN000001: Hibernate Commons Annotations {5.1.2.Final}
26-09-16 10:13:47.537 [main] INFO  com.zaxxer.hikari.HikariDataSource - HikariPool-1 - Starting...
26-09-16 10:13:47.919 [main] INFO  com.zaxxer.hikari.HikariDataSource - HikariPool-1 - Start completed.
26-09-16 10:13:47.942 [main] INFO  org.hibernate.dialect.Dialect - HHH000400: Using dialect: org.hibernate.dialect.SQLServerDialect
26-09-16 10:13:49.819 [main] INFO  o.h.e.t.j.p.i.JtaPlatformInitiator - HHH000490: Using JtaPlatform implementation: [org.hibernate.engine.transaction.jta.platform.internal.NoJtaPlatform]
26-09-16 10:13:49.838 [main] INFO  o.s.o.j.LocalContainerEntityManagerFactoryBean - Initialized JPA EntityManagerFactory for persistence unit 'default'
26-09-16 10:13:51.886 [main] INFO  com.example.mail.config.MailConfig - Configuring JavaMailSender using active database credentials (Host: smtp.gmail.com, Port: 587, Username: parmargaurav392001@gmail.com)
26-09-16 10:13:51.886 [main] INFO  com.example.mail.config.MailConfig - Configured SMTP -> Host: smtp.gmail.com, Port: 587, Auth: true, StartTLS: true, SSLTrust: *, SSLProtocols: TLSv1.2
26-09-16 10:13:52.184 [main] WARN  o.s.b.a.o.j.JpaBaseConfiguration$JpaWebConfiguration - spring.jpa.open-in-view is enabled by default. Therefore, database queries may be performed during view rendering. Explicitly configure spring.jpa.open-in-view to disable this warning
26-09-16 10:13:52.736 [main] INFO  o.a.coyote.http11.Http11NioProtocol - Starting ProtocolHandler ["http-nio-8081"]
26-09-16 10:13:52.767 [main] INFO  o.s.b.w.e.tomcat.TomcatWebServer - Tomcat started on port(s): 8081 (http) with context path ''
26-09-16 10:13:53.163 [main] INFO  com.example.mail.MailApplication - Started MailApplication in 8.666 seconds (JVM running for 9.574)
26-09-16 10:13:56.425 [http-nio-8081-exec-2] INFO  o.a.c.c.C.[Tomcat].[localhost].[/] - Initializing Spring DispatcherServlet 'dispatcherServlet'
26-09-16 10:13:56.425 [http-nio-8081-exec-2] INFO  o.s.web.servlet.DispatcherServlet - Initializing Servlet 'dispatcherServlet'
26-09-16 10:13:56.427 [http-nio-8081-exec-2] INFO  o.s.web.servlet.DispatcherServlet - Completed initialization in 1 ms
26-09-16 10:13:56.647 [http-nio-8081-exec-2] INFO  c.e.m.s.MailConfigurationService - Extracting mail configuration for ContactID: 9339387, Skillset: null using procedure: USP_GetMailConfiguration
26-09-16 10:13:56.788 [http-nio-8081-exec-2] INFO  c.e.m.s.MailConfigurationService - Successfully extracted SMTP configuration from procedure USP_GetMailConfiguration (Host: smtp.gmail.com, Port: 587, Username: your-email@gmail.com, FromEmail: your-email@gmail.com)
26-09-16 10:13:56.790 [http-nio-8081-exec-2] INFO  c.e.m.s.MailConfigurationService - Building dynamic JavaMailSender -> Host: smtp.gmail.com, Port: 587, Username: your-email@gmail.com, Auth: true, StartTLS: true, Trust: *
26-09-16 10:20:36.580 [main] INFO  com.example.mail.MailApplication - Starting MailApplication using Java 1.8.0_492 on Gaurang-Parmar with PID 27812 (C:\Users\AMD\Desktop\Email AACC\gaurang\Email-AACC-\target\classes started by AMD in C:\Users\AMD\Desktop\Email AACC\gaurang\Email-AACC-)
26-09-16 10:20:36.580 [main] INFO  com.example.mail.MailApplication - The following 1 profile is active: "dev"
26-09-16 10:20:37.548 [main] INFO  o.s.d.r.c.RepositoryConfigurationDelegate - Bootstrapping Spring Data JPA repositories in DEFAULT mode.
26-09-16 10:20:37.673 [main] INFO  o.s.d.r.c.RepositoryConfigurationDelegate - Finished Spring Data repository scanning in 113 ms. Found 15 JPA repository interfaces.
26-09-16 10:20:38.510 [main] INFO  o.s.b.w.e.tomcat.TomcatWebServer - Tomcat initialized with port(s): 8081 (http)
26-09-16 10:20:38.510 [main] INFO  o.a.coyote.http11.Http11NioProtocol - Initializing ProtocolHandler ["http-nio-8081"]
26-09-16 10:20:38.525 [main] INFO  o.a.catalina.core.StandardService - Starting service [Tomcat]
26-09-16 10:20:38.525 [main] INFO  o.a.catalina.core.StandardEngine - Starting Servlet engine: [Apache Tomcat/9.0.83]
26-09-16 10:20:38.644 [main] INFO  o.a.c.c.C.[Tomcat].[localhost].[/] - Initializing Spring embedded WebApplicationContext
26-09-16 10:20:38.644 [main] INFO  o.s.b.w.s.c.ServletWebServerApplicationContext - Root WebApplicationContext: initialization completed in 2024 ms
26-09-16 10:20:39.001 [main] INFO  o.h.jpa.internal.util.LogHelper - HHH000204: Processing PersistenceUnitInfo [name: default]
26-09-16 10:20:39.107 [main] INFO  org.hibernate.Version - HHH000412: Hibernate ORM core version 5.6.15.Final
26-09-16 10:20:39.374 [main] INFO  o.h.annotations.common.Version - HCANN000001: Hibernate Commons Annotations {5.1.2.Final}
26-09-16 10:20:39.541 [main] INFO  com.zaxxer.hikari.HikariDataSource - HikariPool-1 - Starting...
26-09-16 10:20:39.791 [main] INFO  com.zaxxer.hikari.HikariDataSource - HikariPool-1 - Start completed.
26-09-16 10:20:39.829 [main] INFO  org.hibernate.dialect.Dialect - HHH000400: Using dialect: org.hibernate.dialect.SQLServerDialect
26-09-16 10:20:41.393 [main] INFO  o.h.e.t.j.p.i.JtaPlatformInitiator - HHH000490: Using JtaPlatform implementation: [org.hibernate.engine.transaction.jta.platform.internal.NoJtaPlatform]
26-09-16 10:20:41.408 [main] INFO  o.s.o.j.LocalContainerEntityManagerFactoryBean - Initialized JPA EntityManagerFactory for persistence unit 'default'
26-09-16 10:20:42.679 [main] INFO  com.example.mail.config.MailConfig - Configuring JavaMailSender using active database credentials (Host: smtp.gmail.com, Port: 587, Username: parmargaurav392001@gmail.com)
26-09-16 10:20:42.679 [main] INFO  com.example.mail.config.MailConfig - Configured SMTP -> Host: smtp.gmail.com, Port: 587, Auth: true, StartTLS: true, SSLTrust: *, SSLProtocols: TLSv1.2
26-09-16 10:20:42.912 [main] WARN  o.s.b.a.o.j.JpaBaseConfiguration$JpaWebConfiguration - spring.jpa.open-in-view is enabled by default. Therefore, database queries may be performed during view rendering. Explicitly configure spring.jpa.open-in-view to disable this warning
26-09-16 10:20:43.288 [main] INFO  o.a.coyote.http11.Http11NioProtocol - Starting ProtocolHandler ["http-nio-8081"]
26-09-16 10:20:43.340 [main] INFO  o.s.b.w.e.tomcat.TomcatWebServer - Tomcat started on port(s): 8081 (http) with context path ''
26-09-16 10:20:43.599 [main] INFO  com.example.mail.MailApplication - Started MailApplication in 7.479 seconds (JVM running for 8.239)
26-09-16 10:21:44.006 [http-nio-8081-exec-2] INFO  o.a.c.c.C.[Tomcat].[localhost].[/] - Initializing Spring DispatcherServlet 'dispatcherServlet'
26-09-16 10:21:44.006 [http-nio-8081-exec-2] INFO  o.s.web.servlet.DispatcherServlet - Initializing Servlet 'dispatcherServlet'
26-09-16 10:21:44.008 [http-nio-8081-exec-2] INFO  o.s.web.servlet.DispatcherServlet - Completed initialization in 1 ms
26-09-16 10:21:44.189 [http-nio-8081-exec-2] INFO  c.e.m.s.MailConfigurationService - Extracting mail configuration for ContactID: 9339387, Skillset: null using procedure: USP_GetMailConfiguration
26-09-16 10:21:44.358 [http-nio-8081-exec-2] INFO  c.e.m.s.MailConfigurationService - Successfully extracted SMTP configuration from procedure USP_GetMailConfiguration (Host: smtp.gmail.com, Port: 587, Username: parmargaurav392001@gmail.com, FromEmail: parmargaurav392001@gmail.com)
26-09-16 10:21:44.361 [http-nio-8081-exec-2] INFO  c.e.m.s.MailConfigurationService - Building dynamic JavaMailSender -> Host: smtp.gmail.com, Port: 587, Username: parmargaurav392001@gmail.com, Auth: true, StartTLS: true, Trust: *
26-09-16 10:43:49.736 [main] INFO  com.example.mail.MailApplication - Starting MailApplication using Java 1.8.0_492 on Gaurang-Parmar with PID 16936 (C:\Users\AMD\Desktop\Email AACC\gaurang\Email-AACC-\target\classes started by AMD in C:\Users\AMD\Desktop\Email AACC\gaurang\Email-AACC-)
26-09-16 10:43:49.736 [main] INFO  com.example.mail.MailApplication - The following 1 profile is active: "dev"
26-09-16 10:43:50.587 [main] INFO  o.s.d.r.c.RepositoryConfigurationDelegate - Bootstrapping Spring Data JPA repositories in DEFAULT mode.
26-09-16 10:43:50.702 [main] INFO  o.s.d.r.c.RepositoryConfigurationDelegate - Finished Spring Data repository scanning in 106 ms. Found 15 JPA repository interfaces.
26-09-16 10:43:51.466 [main] INFO  o.s.b.w.e.tomcat.TomcatWebServer - Tomcat initialized with port(s): 8081 (http)
26-09-16 10:43:51.474 [main] INFO  o.a.coyote.http11.Http11NioProtocol - Initializing ProtocolHandler ["http-nio-8081"]
26-09-16 10:43:51.476 [main] INFO  o.a.catalina.core.StandardService - Starting service [Tomcat]
26-09-16 10:43:51.476 [main] INFO  o.a.catalina.core.StandardEngine - Starting Servlet engine: [Apache Tomcat/9.0.83]
26-09-16 10:43:51.577 [main] INFO  o.a.c.c.C.[Tomcat].[localhost].[/] - Initializing Spring embedded WebApplicationContext
26-09-16 10:43:51.577 [main] INFO  o.s.b.w.s.c.ServletWebServerApplicationContext - Root WebApplicationContext: initialization completed in 1793 ms
26-09-16 10:43:51.877 [main] INFO  o.h.jpa.internal.util.LogHelper - HHH000204: Processing PersistenceUnitInfo [name: default]
26-09-16 10:43:51.956 [main] INFO  org.hibernate.Version - HHH000412: Hibernate ORM core version 5.6.15.Final
26-09-16 10:43:52.138 [main] INFO  o.h.annotations.common.Version - HCANN000001: Hibernate Commons Annotations {5.1.2.Final}
26-09-16 10:43:52.254 [main] INFO  com.zaxxer.hikari.HikariDataSource - HikariPool-1 - Starting...
26-09-16 10:43:52.479 [main] INFO  com.zaxxer.hikari.HikariDataSource - HikariPool-1 - Start completed.
26-09-16 10:43:52.503 [main] INFO  org.hibernate.dialect.Dialect - HHH000400: Using dialect: org.hibernate.dialect.SQLServerDialect
26-09-16 10:43:54.041 [main] INFO  o.h.e.t.j.p.i.JtaPlatformInitiator - HHH000490: Using JtaPlatform implementation: [org.hibernate.engine.transaction.jta.platform.internal.NoJtaPlatform]
26-09-16 10:43:54.053 [main] INFO  o.s.o.j.LocalContainerEntityManagerFactoryBean - Initialized JPA EntityManagerFactory for persistence unit 'default'
26-09-16 10:43:55.574 [main] INFO  com.example.mail.config.MailConfig - Configuring JavaMailSender using active database credentials (Host: smtp.gmail.com, Port: 587, Username: parmargaurav392001@gmail.com)
26-09-16 10:43:55.575 [main] INFO  com.example.mail.config.MailConfig - Configured SMTP -> Host: smtp.gmail.com, Port: 587, Auth: true, StartTLS: true, SSLTrust: *, SSLProtocols: TLSv1.2
26-09-16 10:43:55.881 [main] WARN  o.s.b.a.o.j.JpaBaseConfiguration$JpaWebConfiguration - spring.jpa.open-in-view is enabled by default. Therefore, database queries may be performed during view rendering. Explicitly configure spring.jpa.open-in-view to disable this warning
26-09-16 10:43:56.276 [main] INFO  o.a.coyote.http11.Http11NioProtocol - Starting ProtocolHandler ["http-nio-8081"]
26-09-16 10:43:56.298 [main] INFO  o.s.b.w.e.tomcat.TomcatWebServer - Tomcat started on port(s): 8081 (http) with context path ''
26-09-16 10:43:56.573 [main] INFO  com.example.mail.MailApplication - Started MailApplication in 7.219 seconds (JVM running for 7.768)
26-09-16 10:44:14.304 [http-nio-8081-exec-2] INFO  o.a.c.c.C.[Tomcat].[localhost].[/] - Initializing Spring DispatcherServlet 'dispatcherServlet'
26-09-16 10:44:14.305 [http-nio-8081-exec-2] INFO  o.s.web.servlet.DispatcherServlet - Initializing Servlet 'dispatcherServlet'
26-09-16 10:44:14.308 [http-nio-8081-exec-2] INFO  o.s.web.servlet.DispatcherServlet - Completed initialization in 3 ms
26-09-16 10:44:14.365 [http-nio-8081-exec-2] ERROR o.a.c.c.C.[.[.[.[dispatcherServlet] - Servlet.service() for servlet [dispatcherServlet] in context with path [] threw exception [Handler dispatch failed; nested exception is java.lang.NoClassDefFoundError: com/example/mail/dto/soap/checker/SoapSendMailRequestEnvelope] with root cause
java.lang.ClassNotFoundException: com.example.mail.dto.soap.checker.SoapSendMailRequestEnvelope
	at java.net.URLClassLoader.findClass(URLClassLoader.java:387)
	at java.lang.ClassLoader.loadClass(ClassLoader.java:419)
	at sun.misc.Launcher$AppClassLoader.loadClass(Launcher.java:352)
	at java.lang.ClassLoader.loadClass(ClassLoader.java:352)
	at com.example.mail.controller.ContactSoapController.sendMail(ContactSoapController.java:177)
	at sun.reflect.NativeMethodAccessorImpl.invoke0(Native Method)
	at sun.reflect.NativeMethodAccessorImpl.invoke(NativeMethodAccessorImpl.java:62)
	at sun.reflect.DelegatingMethodAccessorImpl.invoke(DelegatingMethodAccessorImpl.java:43)
	at java.lang.reflect.Method.invoke(Method.java:498)
	at org.springframework.web.method.support.InvocableHandlerMethod.doInvoke(InvocableHandlerMethod.java:205)
	at org.springframework.web.method.support.InvocableHandlerMethod.invokeForRequest(InvocableHandlerMethod.java:150)
	at org.springframework.web.servlet.mvc.method.annotation.ServletInvocableHandlerMethod.invokeAndHandle(ServletInvocableHandlerMethod.java:117)
	at org.springframework.web.servlet.mvc.method.annotation.RequestMappingHandlerAdapter.invokeHandlerMethod(RequestMappingHandlerAdapter.java:895)
	at org.springframework.web.servlet.mvc.method.annotation.RequestMappingHandlerAdapter.handleInternal(RequestMappingHandlerAdapter.java:808)
	at org.springframework.web.servlet.mvc.method.AbstractHandlerMethodAdapter.handle(AbstractHandlerMethodAdapter.java:87)
	at org.springframework.web.servlet.DispatcherServlet.doDispatch(DispatcherServlet.java:1072)
	at org.springframework.web.servlet.DispatcherServlet.doService(DispatcherServlet.java:965)
	at org.springframework.web.servlet.FrameworkServlet.processRequest(FrameworkServlet.java:1006)
	at org.springframework.web.servlet.FrameworkServlet.doPost(FrameworkServlet.java:909)
	at javax.servlet.http.HttpServlet.service(HttpServlet.java:555)
	at org.springframework.web.servlet.FrameworkServlet.service(FrameworkServlet.java:883)
	at javax.servlet.http.HttpServlet.service(HttpServlet.java:623)
	at org.apache.catalina.core.ApplicationFilterChain.internalDoFilter(ApplicationFilterChain.java:209)
	at org.apache.catalina.core.ApplicationFilterChain.doFilter(ApplicationFilterChain.java:153)
	at org.apache.tomcat.websocket.server.WsFilter.doFilter(WsFilter.java:51)
	at org.apache.catalina.core.ApplicationFilterChain.internalDoFilter(ApplicationFilterChain.java:178)
	at org.apache.catalina.core.ApplicationFilterChain.doFilter(ApplicationFilterChain.java:153)
	at org.springframework.web.filter.RequestContextFilter.doFilterInternal(RequestContextFilter.java:100)
	at org.springframework.web.filter.OncePerRequestFilter.doFilter(OncePerRequestFilter.java:117)
	at org.apache.catalina.core.ApplicationFilterChain.internalDoFilter(ApplicationFilterChain.java:178)
	at org.apache.catalina.core.ApplicationFilterChain.doFilter(ApplicationFilterChain.java:153)
	at org.springframework.web.filter.FormContentFilter.doFilterInternal(FormContentFilter.java:93)
	at org.springframework.web.filter.OncePerRequestFilter.doFilter(OncePerRequestFilter.java:117)
	at org.apache.catalina.core.ApplicationFilterChain.internalDoFilter(ApplicationFilterChain.java:178)
	at org.apache.catalina.core.ApplicationFilterChain.doFilter(ApplicationFilterChain.java:153)
	at org.springframework.web.filter.CharacterEncodingFilter.doFilterInternal(CharacterEncodingFilter.java:201)
	at org.springframework.web.filter.OncePerRequestFilter.doFilter(OncePerRequestFilter.java:117)
	at org.apache.catalina.core.ApplicationFilterChain.internalDoFilter(ApplicationFilterChain.java:178)
	at org.apache.catalina.core.ApplicationFilterChain.doFilter(ApplicationFilterChain.java:153)
	at org.apache.catalina.core.StandardWrapperValve.invoke(StandardWrapperValve.java:168)
	at org.apache.catalina.core.StandardContextValve.invoke(StandardContextValve.java:90)
	at org.apache.catalina.authenticator.AuthenticatorBase.invoke(AuthenticatorBase.java:481)
	at org.apache.catalina.core.StandardHostValve.invoke(StandardHostValve.java:130)
	at org.apache.catalina.valves.ErrorReportValve.invoke(ErrorReportValve.java:93)
	at org.apache.catalina.core.StandardEngineValve.invoke(StandardEngineValve.java:74)
	at org.apache.catalina.connector.CoyoteAdapter.service(CoyoteAdapter.java:342)
	at org.apache.coyote.http11.Http11Processor.service(Http11Processor.java:390)
	at org.apache.coyote.AbstractProcessorLight.process(AbstractProcessorLight.java:63)
	at org.apache.coyote.AbstractProtocol$ConnectionHandler.process(AbstractProtocol.java:928)
	at org.apache.tomcat.util.net.NioEndpoint$SocketProcessor.doRun(NioEndpoint.java:1794)
	at org.apache.tomcat.util.net.SocketProcessorBase.run(SocketProcessorBase.java:52)
	at org.apache.tomcat.util.threads.ThreadPoolExecutor.runWorker(ThreadPoolExecutor.java:1191)
	at org.apache.tomcat.util.threads.ThreadPoolExecutor$Worker.run(ThreadPoolExecutor.java:659)
	at org.apache.tomcat.util.threads.TaskThread$WrappingRunnable.run(TaskThread.java:61)
	at java.lang.Thread.run(Thread.java:750)
26-09-16 10:44:45.060 [main] INFO  com.example.mail.MailApplication - Starting MailApplication using Java 1.8.0_492 on Gaurang-Parmar with PID 27872 (C:\Users\AMD\Desktop\Email AACC\gaurang\Email-AACC-\target\classes started by AMD in C:\Users\AMD\Desktop\Email AACC\gaurang\Email-AACC-)
26-09-16 10:44:45.066 [main] INFO  com.example.mail.MailApplication - The following 1 profile is active: "dev"
26-09-16 10:44:45.946 [main] INFO  o.s.d.r.c.RepositoryConfigurationDelegate - Bootstrapping Spring Data JPA repositories in DEFAULT mode.
26-09-16 10:44:46.073 [main] INFO  o.s.d.r.c.RepositoryConfigurationDelegate - Finished Spring Data repository scanning in 117 ms. Found 15 JPA repository interfaces.
26-09-16 10:44:46.759 [main] INFO  o.s.b.w.e.tomcat.TomcatWebServer - Tomcat initialized with port(s): 8081 (http)
26-09-16 10:44:46.759 [main] INFO  o.a.coyote.http11.Http11NioProtocol - Initializing ProtocolHandler ["http-nio-8081"]
26-09-16 10:44:46.773 [main] INFO  o.a.catalina.core.StandardService - Starting service [Tomcat]
26-09-16 10:44:46.773 [main] INFO  o.a.catalina.core.StandardEngine - Starting Servlet engine: [Apache Tomcat/9.0.83]
26-09-16 10:44:46.863 [main] INFO  o.a.c.c.C.[Tomcat].[localhost].[/] - Initializing Spring embedded WebApplicationContext
26-09-16 10:44:46.863 [main] INFO  o.s.b.w.s.c.ServletWebServerApplicationContext - Root WebApplicationContext: initialization completed in 1762 ms
26-09-16 10:44:47.107 [main] INFO  o.h.jpa.internal.util.LogHelper - HHH000204: Processing PersistenceUnitInfo [name: default]
26-09-16 10:44:47.160 [main] INFO  org.hibernate.Version - HHH000412: Hibernate ORM core version 5.6.15.Final
26-09-16 10:44:47.304 [main] INFO  o.h.annotations.common.Version - HCANN000001: Hibernate Commons Annotations {5.1.2.Final}
26-09-16 10:44:47.411 [main] INFO  com.zaxxer.hikari.HikariDataSource - HikariPool-1 - Starting...
26-09-16 10:44:47.618 [main] INFO  com.zaxxer.hikari.HikariDataSource - HikariPool-1 - Start completed.
26-09-16 10:44:47.640 [main] INFO  org.hibernate.dialect.Dialect - HHH000400: Using dialect: org.hibernate.dialect.SQLServerDialect
26-09-16 10:44:48.973 [main] INFO  o.h.e.t.j.p.i.JtaPlatformInitiator - HHH000490: Using JtaPlatform implementation: [org.hibernate.engine.transaction.jta.platform.internal.NoJtaPlatform]
26-09-16 10:44:48.973 [main] INFO  o.s.o.j.LocalContainerEntityManagerFactoryBean - Initialized JPA EntityManagerFactory for persistence unit 'default'
26-09-16 10:44:50.242 [main] INFO  com.example.mail.config.MailConfig - Configuring JavaMailSender using active database credentials (Host: smtp.gmail.com, Port: 587, Username: parmargaurav392001@gmail.com)
26-09-16 10:44:50.242 [main] INFO  com.example.mail.config.MailConfig - Configured SMTP -> Host: smtp.gmail.com, Port: 587, Auth: true, StartTLS: true, SSLTrust: *, SSLProtocols: TLSv1.2
26-09-16 10:44:50.503 [main] WARN  o.s.b.a.o.j.JpaBaseConfiguration$JpaWebConfiguration - spring.jpa.open-in-view is enabled by default. Therefore, database queries may be performed during view rendering. Explicitly configure spring.jpa.open-in-view to disable this warning
26-09-16 10:44:51.011 [main] INFO  o.a.coyote.http11.Http11NioProtocol - Starting ProtocolHandler ["http-nio-8081"]
26-09-16 10:44:51.037 [main] INFO  o.s.b.w.e.tomcat.TomcatWebServer - Tomcat started on port(s): 8081 (http) with context path ''
26-09-16 10:44:51.330 [main] INFO  com.example.mail.MailApplication - Started MailApplication in 6.648 seconds (JVM running for 7.175)
26-09-16 10:44:58.598 [http-nio-8081-exec-2] INFO  o.a.c.c.C.[Tomcat].[localhost].[/] - Initializing Spring DispatcherServlet 'dispatcherServlet'
26-09-16 10:44:58.598 [http-nio-8081-exec-2] INFO  o.s.web.servlet.DispatcherServlet - Initializing Servlet 'dispatcherServlet'
26-09-16 10:44:58.600 [http-nio-8081-exec-2] INFO  o.s.web.servlet.DispatcherServlet - Completed initialization in 2 ms
26-09-16 10:44:58.782 [http-nio-8081-exec-2] INFO  c.e.m.s.MailConfigurationService - Extracting mail configuration for ContactID: 9339387, Skillset: null using procedure: USP_GetMailConfiguration
26-09-16 10:44:58.954 [http-nio-8081-exec-2] INFO  c.e.m.s.MailConfigurationService - Successfully extracted SMTP configuration from procedure USP_GetMailConfiguration (Host: smtp.gmail.com, Port: 587, Username: parmargaurav392001@gmail.com, FromEmail: parmargaurav392001@gmail.com)
26-09-16 10:44:58.957 [http-nio-8081-exec-2] INFO  c.e.m.s.MailConfigurationService - Building dynamic JavaMailSender -> Host: smtp.gmail.com, Port: 587, Username: parmargaurav392001@gmail.com, Auth: true, StartTLS: true, Trust: *
26-09-16 10:45:32.730 [http-nio-8081-exec-8] INFO  c.e.m.s.MakerTransferStatusService - Preparing maker transfer save for ContactID 4143121 and AgentID 39000001
26-09-16 10:45:32.730 [http-nio-8081-exec-8] WARN  c.e.m.s.MakerTransferStatusService - Invalid AnsweredDateTime 'string'; storing the current time instead
26-09-16 10:45:32.889 [http-nio-8081-exec-8] INFO  c.e.m.s.MakerTransferStatusService - Saved maker transfer MailID 30036 for ContactID 4143121
26-09-16 10:45:36.962 [http-nio-8081-exec-9] INFO  EMAIL_DISPLAY_SERVICE_LOGGER - Assigning next pending email for agentId: 39000001, skillId: 16
26-09-16 10:45:37.121 [http-nio-8081-exec-9] INFO  EMAIL_DISPLAY_SERVICE_LOGGER - Assigning email with contactId: 4143121 to agentId: 39000001
26-09-16 10:45:40.894 [http-nio-8081-exec-10] INFO  Customer_Mail_LOGGER - Maker mail requested for ContactID 4143121
26-09-16 10:45:40.897 [http-nio-8081-exec-10] INFO  Customer_Mail_LOGGER - Maker mail response prepared for ContactID 4143121
