26-09-17 16:54:26.781 [main] INFO  com.example.mail.MailApplication - Starting MailApplication using Java 1.8.0_492 on Gaurang-Parmar with PID 8620 (C:\Users\AMD\Desktop\Email AACC\gaurang\Email-AACC-\target\classes started by AMD in C:\Users\AMD\Desktop\Email AACC\gaurang\Email-AACC-)
26-09-17 16:54:26.784 [main] INFO  com.example.mail.MailApplication - The following 1 profile is active: "dev"
26-09-17 16:54:27.610 [main] INFO  o.s.d.r.c.RepositoryConfigurationDelegate - Bootstrapping Spring Data JPA repositories in DEFAULT mode.
26-09-17 16:54:27.729 [main] INFO  o.s.d.r.c.RepositoryConfigurationDelegate - Finished Spring Data repository scanning in 108 ms. Found 15 JPA repository interfaces.
26-09-17 16:54:28.503 [main] INFO  o.s.b.w.e.tomcat.TomcatWebServer - Tomcat initialized with port(s): 8081 (http)
26-09-17 16:54:28.537 [main] INFO  o.a.coyote.http11.Http11NioProtocol - Initializing ProtocolHandler ["http-nio-8081"]
26-09-17 16:54:28.541 [main] INFO  o.a.catalina.core.StandardService - Starting service [Tomcat]
26-09-17 16:54:28.541 [main] INFO  o.a.catalina.core.StandardEngine - Starting Servlet engine: [Apache Tomcat/9.0.83]
26-09-17 16:54:28.593 [main] INFO  o.a.c.c.C.[Tomcat].[localhost].[/] - Initializing Spring embedded WebApplicationContext
26-09-17 16:54:28.593 [main] INFO  o.s.b.w.s.c.ServletWebServerApplicationContext - Root WebApplicationContext: initialization completed in 1767 ms
26-09-17 16:54:28.868 [main] INFO  o.h.jpa.internal.util.LogHelper - HHH000204: Processing PersistenceUnitInfo [name: default]
26-09-17 16:54:28.918 [main] INFO  org.hibernate.Version - HHH000412: Hibernate ORM core version 5.6.15.Final
26-09-17 16:54:29.073 [main] INFO  o.h.annotations.common.Version - HCANN000001: Hibernate Commons Annotations {5.1.2.Final}
26-09-17 16:54:29.154 [main] INFO  com.zaxxer.hikari.HikariDataSource - HikariPool-1 - Starting...
26-09-17 16:54:29.363 [main] INFO  com.zaxxer.hikari.HikariDataSource - HikariPool-1 - Start completed.
26-09-17 16:54:29.393 [main] INFO  org.hibernate.dialect.Dialect - HHH000400: Using dialect: org.hibernate.dialect.SQLServerDialect
26-09-17 16:54:30.740 [main] INFO  o.h.e.t.j.p.i.JtaPlatformInitiator - HHH000490: Using JtaPlatform implementation: [org.hibernate.engine.transaction.jta.platform.internal.NoJtaPlatform]
26-09-17 16:54:30.755 [main] INFO  o.s.o.j.LocalContainerEntityManagerFactoryBean - Initialized JPA EntityManagerFactory for persistence unit 'default'
26-09-17 16:54:32.120 [main] INFO  com.example.mail.config.MailConfig - Configuring JavaMailSender using active database credentials (Host: smtp.gmail.com, Port: 587, Username: parmargaurav392001@gmail.com)
26-09-17 16:54:32.120 [main] INFO  com.example.mail.config.MailConfig - Configured SMTP -> Host: smtp.gmail.com, Port: 587, Auth: true, StartTLS: true, SSLTrust: *, SSLProtocols: TLSv1.2
26-09-17 16:54:32.362 [main] WARN  o.s.b.a.o.j.JpaBaseConfiguration$JpaWebConfiguration - spring.jpa.open-in-view is enabled by default. Therefore, database queries may be performed during view rendering. Explicitly configure spring.jpa.open-in-view to disable this warning
26-09-17 16:54:32.792 [main] INFO  o.a.coyote.http11.Http11NioProtocol - Starting ProtocolHandler ["http-nio-8081"]
26-09-17 16:54:32.815 [main] INFO  o.s.b.w.e.tomcat.TomcatWebServer - Tomcat started on port(s): 8081 (http) with context path ''
26-09-17 16:54:33.273 [main] INFO  com.example.mail.MailApplication - Started MailApplication in 6.845 seconds (JVM running for 7.356)
