26-07-19 20:33:41.160 [main] INFO  MAIL_SYNC_LOGGER - MailSyncService initialized with EmailRepository.
26-07-19 20:33:43.371 [scheduling-1] INFO  MAIL_SYNC_LOGGER - =============================Starting mail sync task...===================================
26-07-19 20:33:43.371 [scheduling-1] INFO  MAIL_SYNC_LOGGER - Syncing emails for account: gunnitttt@gmail.com
26-07-19 20:33:43.402 [scheduling-1] INFO  MAIL_SYNC_LOGGER - Attempting standard authentication connection for user: gunnitttt@gmail.com
26-07-19 20:33:45.057 [scheduling-1] INFO  MAIL_SYNC_LOGGER - Successfully established connection to corporate mail store.
26-07-19 20:33:45.706 [scheduling-1] INFO  MAIL_SYNC_LOGGER - [gunnitttt@gmail.com] Folder 'INBOX' opened. Total messages: 0
26-07-19 20:33:46.715 [scheduling-1] INFO  MAIL_SYNC_LOGGER - =================================Mail sync task completed.====================================
26-07-19 20:38:02.014 [main] INFO  MAIL_SYNC_LOGGER - MailSyncService initialized with EmailRepository.
26-07-19 20:38:04.131 [scheduling-1] INFO  MAIL_SYNC_LOGGER - =============================Starting mail sync task...===================================
26-07-19 20:38:04.132 [scheduling-1] INFO  MAIL_SYNC_LOGGER - Syncing emails for account: gunnitttt@gmail.com
26-07-19 20:38:04.154 [scheduling-1] INFO  MAIL_SYNC_LOGGER - Attempting standard authentication connection for user: gunnitttt@gmail.com
26-07-19 20:38:05.859 [scheduling-1] INFO  MAIL_SYNC_LOGGER - Successfully established connection to corporate mail store.
26-07-19 20:38:06.618 [scheduling-1] INFO  MAIL_SYNC_LOGGER - [gunnitttt@gmail.com] Folder 'INBOX' opened. Total messages: 0
26-07-19 20:38:07.458 [scheduling-1] INFO  MAIL_SYNC_LOGGER - =================================Mail sync task completed.====================================
26-07-19 20:43:04.146 [scheduling-1] INFO  MAIL_SYNC_LOGGER - =============================Starting mail sync task...===================================
26-07-19 20:43:04.146 [scheduling-1] INFO  MAIL_SYNC_LOGGER - Syncing emails for account: gunnitttt@gmail.com
26-07-19 20:43:04.148 [scheduling-1] INFO  MAIL_SYNC_LOGGER - Attempting standard authentication connection for user: gunnitttt@gmail.com
26-07-19 20:43:05.766 [scheduling-1] INFO  MAIL_SYNC_LOGGER - Successfully established connection to corporate mail store.
26-07-19 20:43:06.293 [scheduling-1] INFO  MAIL_SYNC_LOGGER - [gunnitttt@gmail.com] Folder 'INBOX' opened. Total messages: 0
26-07-19 20:43:07.064 [scheduling-1] INFO  MAIL_SYNC_LOGGER - =================================Mail sync task completed.====================================
26-07-19 20:48:04.139 [scheduling-1] INFO  MAIL_SYNC_LOGGER - =============================Starting mail sync task...===================================
26-07-19 20:48:04.139 [scheduling-1] INFO  MAIL_SYNC_LOGGER - Syncing emails for account: gunnitttt@gmail.com
26-07-19 20:48:04.139 [scheduling-1] INFO  MAIL_SYNC_LOGGER - Attempting standard authentication connection for user: gunnitttt@gmail.com
26-07-19 20:48:05.703 [scheduling-1] INFO  MAIL_SYNC_LOGGER - Successfully established connection to corporate mail store.
26-07-19 20:48:06.237 [scheduling-1] INFO  MAIL_SYNC_LOGGER - [gunnitttt@gmail.com] Folder 'INBOX' opened. Total messages: 0
26-07-19 20:48:07.043 [scheduling-1] INFO  MAIL_SYNC_LOGGER - =================================Mail sync task completed.====================================
26-07-19 20:53:04.146 [scheduling-1] INFO  MAIL_SYNC_LOGGER - =============================Starting mail sync task...===================================
26-07-19 20:53:04.146 [scheduling-1] INFO  MAIL_SYNC_LOGGER - Syncing emails for account: gunnitttt@gmail.com
26-07-19 20:53:04.148 [scheduling-1] INFO  MAIL_SYNC_LOGGER - Attempting standard authentication connection for user: gunnitttt@gmail.com
26-07-19 20:53:05.685 [scheduling-1] INFO  MAIL_SYNC_LOGGER - Successfully established connection to corporate mail store.
26-07-19 20:53:06.237 [scheduling-1] INFO  MAIL_SYNC_LOGGER - [gunnitttt@gmail.com] Folder 'INBOX' opened. Total messages: 0
26-07-19 20:53:07.091 [scheduling-1] INFO  MAIL_SYNC_LOGGER - =================================Mail sync task completed.====================================
26-07-19 20:58:13.170 [main] INFO  MAIL_SYNC_LOGGER - MailSyncService initialized with EmailRepository.
26-07-19 20:58:16.201 [scheduling-1] INFO  MAIL_SYNC_LOGGER - =============================Starting mail sync task...===================================
26-07-19 20:58:16.202 [scheduling-1] INFO  MAIL_SYNC_LOGGER - Syncing emails for account: gunnitttt@gmail.com
26-07-19 20:58:16.229 [scheduling-1] INFO  MAIL_SYNC_LOGGER - Attempting standard authentication connection for user: gunnitttt@gmail.com
26-07-19 20:58:18.109 [scheduling-1] INFO  MAIL_SYNC_LOGGER - Successfully established connection to corporate mail store.
26-07-19 20:58:18.629 [scheduling-1] INFO  MAIL_SYNC_LOGGER - [gunnitttt@gmail.com] Folder 'INBOX' opened. Total messages: 0
26-07-19 20:58:19.369 [scheduling-1] INFO  MAIL_SYNC_LOGGER - =================================Mail sync task completed.====================================
26-07-19 21:03:16.211 [scheduling-1] INFO  MAIL_SYNC_LOGGER - =============================Starting mail sync task...===================================
26-07-19 21:03:16.211 [scheduling-1] INFO  MAIL_SYNC_LOGGER - Syncing emails for account: gunnitttt@gmail.com
26-07-19 21:03:16.214 [scheduling-1] INFO  MAIL_SYNC_LOGGER - Attempting standard authentication connection for user: gunnitttt@gmail.com
26-07-19 21:03:17.735 [scheduling-1] INFO  MAIL_SYNC_LOGGER - Successfully established connection to corporate mail store.
26-07-19 21:03:19.157 [scheduling-1] INFO  MAIL_SYNC_LOGGER - [gunnitttt@gmail.com] Folder 'INBOX' opened. Total messages: 0
26-07-19 21:03:19.947 [scheduling-1] INFO  MAIL_SYNC_LOGGER - =================================Mail sync task completed.====================================
