26-09-15 00:09:22.884 [main] INFO  com.example.mail.MailApplication - Starting MailApplication using Java 1.8.0_492 on Gaurang-Parmar with PID 25448 (C:\Users\AMD\Desktop\Email AACC\gaurang\Email-AACC-\target\classes started by AMD in C:\Users\AMD\Desktop\Email AACC\gaurang\Email-AACC-)
26-09-15 00:09:22.887 [main] INFO  com.example.mail.MailApplication - The following 1 profile is active: "dev"
26-09-15 00:09:24.443 [main] INFO  o.s.d.r.c.RepositoryConfigurationDelegate - Bootstrapping Spring Data JPA repositories in DEFAULT mode.
26-09-15 00:09:24.613 [main] INFO  o.s.d.r.c.RepositoryConfigurationDelegate - Finished Spring Data repository scanning in 159 ms. Found 15 JPA repository interfaces.
26-09-15 00:09:25.817 [main] INFO  o.s.b.w.e.tomcat.TomcatWebServer - Tomcat initialized with port(s): 8081 (http)
26-09-15 00:09:25.841 [main] INFO  o.a.coyote.http11.Http11NioProtocol - Initializing ProtocolHandler ["http-nio-8081"]
26-09-15 00:09:25.847 [main] INFO  o.a.catalina.core.StandardService - Starting service [Tomcat]
26-09-15 00:09:25.848 [main] INFO  o.a.catalina.core.StandardEngine - Starting Servlet engine: [Apache Tomcat/9.0.83]
26-09-15 00:09:26.044 [main] INFO  o.a.c.c.C.[Tomcat].[localhost].[/] - Initializing Spring embedded WebApplicationContext
26-09-15 00:09:26.045 [main] INFO  o.s.b.w.s.c.ServletWebServerApplicationContext - Root WebApplicationContext: initialization completed in 3090 ms
26-09-15 00:09:26.676 [main] INFO  o.h.jpa.internal.util.LogHelper - HHH000204: Processing PersistenceUnitInfo [name: default]
26-09-15 00:09:26.811 [main] INFO  org.hibernate.Version - HHH000412: Hibernate ORM core version 5.6.15.Final
26-09-15 00:09:27.228 [main] INFO  o.h.annotations.common.Version - HCANN000001: Hibernate Commons Annotations {5.1.2.Final}
26-09-15 00:09:27.481 [main] INFO  com.zaxxer.hikari.HikariDataSource - HikariPool-1 - Starting...
26-09-15 00:09:27.768 [main] INFO  com.zaxxer.hikari.HikariDataSource - HikariPool-1 - Start completed.
26-09-15 00:09:27.812 [main] INFO  org.hibernate.dialect.Dialect - HHH000400: Using dialect: org.hibernate.dialect.SQLServerDialect
26-09-15 00:09:30.722 [main] INFO  o.h.e.t.j.p.i.JtaPlatformInitiator - HHH000490: Using JtaPlatform implementation: [org.hibernate.engine.transaction.jta.platform.internal.NoJtaPlatform]
26-09-15 00:09:30.740 [main] INFO  o.s.o.j.LocalContainerEntityManagerFactoryBean - Initialized JPA EntityManagerFactory for persistence unit 'default'
26-09-15 00:09:32.679 [main] INFO  com.example.mail.config.MailConfig - Configuring JavaMailSender using active database credentials (Host: smtp.gmail.com, Port: 587, Username: parmargaurav392001@gmail.com)
26-09-15 00:09:32.680 [main] INFO  com.example.mail.config.MailConfig - Configured SMTP -> Host: smtp.gmail.com, Port: 587, Auth: true, StartTLS: true, SSLTrust: *, SSLProtocols: TLSv1.2
26-09-15 00:09:33.010 [main] WARN  o.s.b.a.o.j.JpaBaseConfiguration$JpaWebConfiguration - spring.jpa.open-in-view is enabled by default. Therefore, database queries may be performed during view rendering. Explicitly configure spring.jpa.open-in-view to disable this warning
26-09-15 00:09:33.548 [main] INFO  o.a.coyote.http11.Http11NioProtocol - Starting ProtocolHandler ["http-nio-8081"]
26-09-15 00:09:33.596 [main] INFO  o.s.b.w.e.tomcat.TomcatWebServer - Tomcat started on port(s): 8081 (http) with context path ''
26-09-15 00:09:33.965 [main] INFO  com.example.mail.MailApplication - Started MailApplication in 11.924 seconds (JVM running for 12.943)
26-09-15 00:19:56.604 [main] INFO  com.example.mail.MailApplication - Starting MailApplication using Java 1.8.0_492 on Gaurang-Parmar with PID 28260 (C:\Users\AMD\Desktop\Email AACC\gaurang\Email-AACC-\target\classes started by AMD in C:\Users\AMD\Desktop\Email AACC\gaurang\Email-AACC-)
26-09-15 00:19:56.606 [main] INFO  com.example.mail.MailApplication - The following 1 profile is active: "dev"
26-09-15 00:19:57.619 [main] INFO  o.s.d.r.c.RepositoryConfigurationDelegate - Bootstrapping Spring Data JPA repositories in DEFAULT mode.
26-09-15 00:19:57.751 [main] INFO  o.s.d.r.c.RepositoryConfigurationDelegate - Finished Spring Data repository scanning in 121 ms. Found 15 JPA repository interfaces.
26-09-15 00:19:58.844 [main] INFO  o.s.b.w.e.tomcat.TomcatWebServer - Tomcat initialized with port(s): 8081 (http)
26-09-15 00:19:58.854 [main] INFO  o.a.coyote.http11.Http11NioProtocol - Initializing ProtocolHandler ["http-nio-8081"]
26-09-15 00:19:58.861 [main] INFO  o.a.catalina.core.StandardService - Starting service [Tomcat]
26-09-15 00:19:58.861 [main] INFO  o.a.catalina.core.StandardEngine - Starting Servlet engine: [Apache Tomcat/9.0.83]
26-09-15 00:19:58.996 [main] INFO  o.a.c.c.C.[Tomcat].[localhost].[/] - Initializing Spring embedded WebApplicationContext
26-09-15 00:19:58.996 [main] INFO  o.s.b.w.s.c.ServletWebServerApplicationContext - Root WebApplicationContext: initialization completed in 2339 ms
26-09-15 00:19:59.391 [main] INFO  o.h.jpa.internal.util.LogHelper - HHH000204: Processing PersistenceUnitInfo [name: default]
26-09-15 00:19:59.516 [main] INFO  org.hibernate.Version - HHH000412: Hibernate ORM core version 5.6.15.Final
26-09-15 00:19:59.835 [main] INFO  o.h.annotations.common.Version - HCANN000001: Hibernate Commons Annotations {5.1.2.Final}
26-09-15 00:20:00.018 [main] INFO  com.zaxxer.hikari.HikariDataSource - HikariPool-1 - Starting...
26-09-15 00:20:00.304 [main] INFO  com.zaxxer.hikari.HikariDataSource - HikariPool-1 - Start completed.
26-09-15 00:20:00.345 [main] INFO  org.hibernate.dialect.Dialect - HHH000400: Using dialect: org.hibernate.dialect.SQLServerDialect
26-09-15 00:20:02.274 [main] INFO  o.h.e.t.j.p.i.JtaPlatformInitiator - HHH000490: Using JtaPlatform implementation: [org.hibernate.engine.transaction.jta.platform.internal.NoJtaPlatform]
26-09-15 00:20:02.296 [main] INFO  o.s.o.j.LocalContainerEntityManagerFactoryBean - Initialized JPA EntityManagerFactory for persistence unit 'default'
26-09-15 00:20:04.255 [main] INFO  com.example.mail.config.MailConfig - Configuring JavaMailSender using active database credentials (Host: smtp.gmail.com, Port: 587, Username: parmargaurav392001@gmail.com)
26-09-15 00:20:04.255 [main] INFO  com.example.mail.config.MailConfig - Configured SMTP -> Host: smtp.gmail.com, Port: 587, Auth: true, StartTLS: true, SSLTrust: *, SSLProtocols: TLSv1.2
26-09-15 00:20:04.574 [main] WARN  o.s.b.a.o.j.JpaBaseConfiguration$JpaWebConfiguration - spring.jpa.open-in-view is enabled by default. Therefore, database queries may be performed during view rendering. Explicitly configure spring.jpa.open-in-view to disable this warning
26-09-15 00:20:05.189 [main] INFO  o.a.coyote.http11.Http11NioProtocol - Starting ProtocolHandler ["http-nio-8081"]
26-09-15 00:20:05.272 [main] INFO  o.s.b.w.e.tomcat.TomcatWebServer - Tomcat started on port(s): 8081 (http) with context path ''
26-09-15 00:20:05.687 [main] INFO  com.example.mail.MailApplication - Started MailApplication in 9.673 seconds (JVM running for 10.542)
26-09-15 00:20:06.371 [http-nio-8081-exec-2] INFO  o.a.c.c.C.[Tomcat].[localhost].[/] - Initializing Spring DispatcherServlet 'dispatcherServlet'
26-09-15 00:20:06.371 [http-nio-8081-exec-2] INFO  o.s.web.servlet.DispatcherServlet - Initializing Servlet 'dispatcherServlet'
26-09-15 00:20:06.374 [http-nio-8081-exec-2] INFO  o.s.web.servlet.DispatcherServlet - Completed initialization in 3 ms
26-09-15 00:20:06.664 [http-nio-8081-exec-2] INFO  c.e.m.s.MakerTransferStatusService - Preparing maker transfer save for ContactID 4143121 and AgentID 39000001
26-09-15 00:20:06.666 [http-nio-8081-exec-2] WARN  c.e.m.s.MakerTransferStatusService - Invalid AnsweredDateTime 'string'; storing the current time instead
26-09-15 00:20:06.873 [http-nio-8081-exec-2] INFO  c.e.m.s.MakerTransferStatusService - Saved maker transfer MailID 30035 for ContactID 4143121
26-09-15 14:23:22.999 [main] INFO  com.example.mail.MailApplication - Starting MailApplication using Java 1.8.0_492 on Gaurang-Parmar with PID 8600 (C:\Users\AMD\Desktop\Email AACC\gaurang\Email-AACC-\target\classes started by AMD in C:\Users\AMD\Desktop\Email AACC\gaurang\Email-AACC-)
26-09-15 14:23:23.001 [main] INFO  com.example.mail.MailApplication - The following 1 profile is active: "dev"
26-09-15 14:23:23.944 [main] INFO  o.s.d.r.c.RepositoryConfigurationDelegate - Bootstrapping Spring Data JPA repositories in DEFAULT mode.
26-09-15 14:23:24.071 [main] INFO  o.s.d.r.c.RepositoryConfigurationDelegate - Finished Spring Data repository scanning in 115 ms. Found 15 JPA repository interfaces.
26-09-15 14:23:24.842 [main] INFO  o.s.b.w.e.tomcat.TomcatWebServer - Tomcat initialized with port(s): 8081 (http)
26-09-15 14:23:24.852 [main] INFO  o.a.coyote.http11.Http11NioProtocol - Initializing ProtocolHandler ["http-nio-8081"]
26-09-15 14:23:24.856 [main] INFO  o.a.catalina.core.StandardService - Starting service [Tomcat]
26-09-15 14:23:24.857 [main] INFO  o.a.catalina.core.StandardEngine - Starting Servlet engine: [Apache Tomcat/9.0.83]
26-09-15 14:23:25.009 [main] INFO  o.a.c.c.C.[Tomcat].[localhost].[/] - Initializing Spring embedded WebApplicationContext
26-09-15 14:23:25.009 [main] INFO  o.s.b.w.s.c.ServletWebServerApplicationContext - Root WebApplicationContext: initialization completed in 1958 ms
26-09-15 14:23:25.451 [main] INFO  o.h.jpa.internal.util.LogHelper - HHH000204: Processing PersistenceUnitInfo [name: default]
26-09-15 14:23:25.534 [main] INFO  org.hibernate.Version - HHH000412: Hibernate ORM core version 5.6.15.Final
26-09-15 14:23:25.749 [main] INFO  o.h.annotations.common.Version - HCANN000001: Hibernate Commons Annotations {5.1.2.Final}
26-09-15 14:23:25.920 [main] INFO  com.zaxxer.hikari.HikariDataSource - HikariPool-1 - Starting...
26-09-15 14:23:26.392 [main] INFO  com.zaxxer.hikari.HikariDataSource - HikariPool-1 - Start completed.
26-09-15 14:23:26.438 [main] INFO  org.hibernate.dialect.Dialect - HHH000400: Using dialect: org.hibernate.dialect.SQLServerDialect
26-09-15 14:23:28.321 [main] INFO  o.h.e.t.j.p.i.JtaPlatformInitiator - HHH000490: Using JtaPlatform implementation: [org.hibernate.engine.transaction.jta.platform.internal.NoJtaPlatform]
26-09-15 14:23:28.340 [main] INFO  o.s.o.j.LocalContainerEntityManagerFactoryBean - Initialized JPA EntityManagerFactory for persistence unit 'default'
26-09-15 14:23:30.558 [main] INFO  com.example.mail.config.MailConfig - Configuring JavaMailSender using active database credentials (Host: smtp.gmail.com, Port: 587, Username: parmargaurav392001@gmail.com)
26-09-15 14:23:30.558 [main] INFO  com.example.mail.config.MailConfig - Configured SMTP -> Host: smtp.gmail.com, Port: 587, Auth: true, StartTLS: true, SSLTrust: *, SSLProtocols: TLSv1.2
26-09-15 14:23:30.927 [main] WARN  o.s.b.a.o.j.JpaBaseConfiguration$JpaWebConfiguration - spring.jpa.open-in-view is enabled by default. Therefore, database queries may be performed during view rendering. Explicitly configure spring.jpa.open-in-view to disable this warning
26-09-15 14:23:31.616 [main] INFO  o.a.coyote.http11.Http11NioProtocol - Starting ProtocolHandler ["http-nio-8081"]
26-09-15 14:23:31.654 [main] INFO  o.s.b.w.e.tomcat.TomcatWebServer - Tomcat started on port(s): 8081 (http) with context path ''
26-09-15 14:23:32.100 [main] INFO  com.example.mail.MailApplication - Started MailApplication in 9.55 seconds (JVM running for 10.231)
26-09-15 14:23:44.906 [http-nio-8081-exec-2] INFO  o.a.c.c.C.[Tomcat].[localhost].[/] - Initializing Spring DispatcherServlet 'dispatcherServlet'
26-09-15 14:23:44.906 [http-nio-8081-exec-2] INFO  o.s.web.servlet.DispatcherServlet - Initializing Servlet 'dispatcherServlet'
26-09-15 14:23:44.908 [http-nio-8081-exec-2] INFO  o.s.web.servlet.DispatcherServlet - Completed initialization in 2 ms
26-09-15 14:56:20.934 [main] INFO  com.example.mail.MailApplication - Starting MailApplication using Java 1.8.0_492 on Gaurang-Parmar with PID 21700 (C:\Users\AMD\Desktop\Email AACC\gaurang\Email-AACC-\target\classes started by AMD in C:\Users\AMD\Desktop\Email AACC\gaurang\Email-AACC-)
26-09-15 14:56:20.938 [main] INFO  com.example.mail.MailApplication - The following 1 profile is active: "dev"
26-09-15 14:56:21.799 [main] INFO  o.s.d.r.c.RepositoryConfigurationDelegate - Bootstrapping Spring Data JPA repositories in DEFAULT mode.
26-09-15 14:56:21.939 [main] INFO  o.s.d.r.c.RepositoryConfigurationDelegate - Finished Spring Data repository scanning in 130 ms. Found 15 JPA repository interfaces.
26-09-15 14:56:22.758 [main] INFO  o.s.b.w.e.tomcat.TomcatWebServer - Tomcat initialized with port(s): 8081 (http)
26-09-15 14:56:22.771 [main] INFO  o.a.coyote.http11.Http11NioProtocol - Initializing ProtocolHandler ["http-nio-8081"]
26-09-15 14:56:22.774 [main] INFO  o.a.catalina.core.StandardService - Starting service [Tomcat]
26-09-15 14:56:22.774 [main] INFO  o.a.catalina.core.StandardEngine - Starting Servlet engine: [Apache Tomcat/9.0.83]
26-09-15 14:56:22.879 [main] INFO  o.a.c.c.C.[Tomcat].[localhost].[/] - Initializing Spring embedded WebApplicationContext
26-09-15 14:56:22.879 [main] INFO  o.s.b.w.s.c.ServletWebServerApplicationContext - Root WebApplicationContext: initialization completed in 1901 ms
26-09-15 14:56:23.178 [main] INFO  o.h.jpa.internal.util.LogHelper - HHH000204: Processing PersistenceUnitInfo [name: default]
26-09-15 14:56:23.248 [main] INFO  org.hibernate.Version - HHH000412: Hibernate ORM core version 5.6.15.Final
26-09-15 14:56:23.434 [main] INFO  o.h.annotations.common.Version - HCANN000001: Hibernate Commons Annotations {5.1.2.Final}
26-09-15 14:56:23.561 [main] INFO  com.zaxxer.hikari.HikariDataSource - HikariPool-1 - Starting...
26-09-15 14:56:23.895 [main] INFO  com.zaxxer.hikari.HikariDataSource - HikariPool-1 - Start completed.
26-09-15 14:56:23.922 [main] INFO  org.hibernate.dialect.Dialect - HHH000400: Using dialect: org.hibernate.dialect.SQLServerDialect
26-09-15 14:56:25.392 [main] INFO  o.h.e.t.j.p.i.JtaPlatformInitiator - HHH000490: Using JtaPlatform implementation: [org.hibernate.engine.transaction.jta.platform.internal.NoJtaPlatform]
26-09-15 14:56:25.402 [main] INFO  o.s.o.j.LocalContainerEntityManagerFactoryBean - Initialized JPA EntityManagerFactory for persistence unit 'default'
26-09-15 14:56:26.745 [main] INFO  com.example.mail.config.MailConfig - Configuring JavaMailSender using active database credentials (Host: smtp.gmail.com, Port: 587, Username: parmargaurav392001@gmail.com)
26-09-15 14:56:26.755 [main] INFO  com.example.mail.config.MailConfig - Configured SMTP -> Host: smtp.gmail.com, Port: 587, Auth: true, StartTLS: true, SSLTrust: *, SSLProtocols: TLSv1.2
26-09-15 14:56:26.986 [main] WARN  o.s.b.a.o.j.JpaBaseConfiguration$JpaWebConfiguration - spring.jpa.open-in-view is enabled by default. Therefore, database queries may be performed during view rendering. Explicitly configure spring.jpa.open-in-view to disable this warning
26-09-15 14:56:27.385 [main] INFO  o.a.coyote.http11.Http11NioProtocol - Starting ProtocolHandler ["http-nio-8081"]
26-09-15 14:56:27.414 [main] INFO  o.s.b.w.e.tomcat.TomcatWebServer - Tomcat started on port(s): 8081 (http) with context path ''
26-09-15 14:56:27.697 [main] INFO  com.example.mail.MailApplication - Started MailApplication in 7.15 seconds (JVM running for 7.795)
26-09-15 15:18:59.210 [main] INFO  com.example.mail.MailApplication - Starting MailApplication using Java 1.8.0_492 on Gaurang-Parmar with PID 16272 (C:\Users\AMD\Desktop\Email AACC\gaurang\Email-AACC-\target\classes started by AMD in C:\Users\AMD\Desktop\Email AACC\gaurang\Email-AACC-)
26-09-15 15:18:59.214 [main] INFO  com.example.mail.MailApplication - The following 1 profile is active: "dev"
26-09-15 15:19:00.304 [main] INFO  o.s.d.r.c.RepositoryConfigurationDelegate - Bootstrapping Spring Data JPA repositories in DEFAULT mode.
26-09-15 15:19:00.438 [main] INFO  o.s.d.r.c.RepositoryConfigurationDelegate - Finished Spring Data repository scanning in 122 ms. Found 15 JPA repository interfaces.
26-09-15 15:19:01.278 [main] INFO  o.s.b.w.e.tomcat.TomcatWebServer - Tomcat initialized with port(s): 8081 (http)
26-09-15 15:19:01.285 [main] INFO  o.a.coyote.http11.Http11NioProtocol - Initializing ProtocolHandler ["http-nio-8081"]
26-09-15 15:19:01.288 [main] INFO  o.a.catalina.core.StandardService - Starting service [Tomcat]
26-09-15 15:19:01.289 [main] INFO  o.a.catalina.core.StandardEngine - Starting Servlet engine: [Apache Tomcat/9.0.83]
26-09-15 15:19:01.398 [main] INFO  o.a.c.c.C.[Tomcat].[localhost].[/] - Initializing Spring embedded WebApplicationContext
26-09-15 15:19:01.398 [main] INFO  o.s.b.w.s.c.ServletWebServerApplicationContext - Root WebApplicationContext: initialization completed in 2120 ms
26-09-15 15:19:01.722 [main] INFO  o.h.jpa.internal.util.LogHelper - HHH000204: Processing PersistenceUnitInfo [name: default]
26-09-15 15:19:01.789 [main] INFO  org.hibernate.Version - HHH000412: Hibernate ORM core version 5.6.15.Final
26-09-15 15:19:01.975 [main] INFO  o.h.annotations.common.Version - HCANN000001: Hibernate Commons Annotations {5.1.2.Final}
26-09-15 15:19:02.094 [main] INFO  com.zaxxer.hikari.HikariDataSource - HikariPool-1 - Starting...
26-09-15 15:19:02.418 [main] INFO  com.zaxxer.hikari.HikariDataSource - HikariPool-1 - Start completed.
26-09-15 15:19:02.442 [main] INFO  org.hibernate.dialect.Dialect - HHH000400: Using dialect: org.hibernate.dialect.SQLServerDialect
26-09-15 15:19:04.941 [main] INFO  o.h.e.t.j.p.i.JtaPlatformInitiator - HHH000490: Using JtaPlatform implementation: [org.hibernate.engine.transaction.jta.platform.internal.NoJtaPlatform]
26-09-15 15:19:04.952 [main] INFO  o.s.o.j.LocalContainerEntityManagerFactoryBean - Initialized JPA EntityManagerFactory for persistence unit 'default'
26-09-15 15:19:06.218 [main] INFO  com.example.mail.config.MailConfig - Configuring JavaMailSender using active database credentials (Host: smtp.gmail.com, Port: 587, Username: parmargaurav392001@gmail.com)
26-09-15 15:19:06.218 [main] INFO  com.example.mail.config.MailConfig - Configured SMTP -> Host: smtp.gmail.com, Port: 587, Auth: true, StartTLS: true, SSLTrust: *, SSLProtocols: TLSv1.2
26-09-15 15:19:06.442 [main] WARN  o.s.b.a.o.j.JpaBaseConfiguration$JpaWebConfiguration - spring.jpa.open-in-view is enabled by default. Therefore, database queries may be performed during view rendering. Explicitly configure spring.jpa.open-in-view to disable this warning
26-09-15 15:19:06.846 [main] INFO  o.a.coyote.http11.Http11NioProtocol - Starting ProtocolHandler ["http-nio-8081"]
26-09-15 15:19:06.872 [main] INFO  o.s.b.w.e.tomcat.TomcatWebServer - Tomcat started on port(s): 8081 (http) with context path ''
26-09-15 15:19:07.142 [main] INFO  com.example.mail.MailApplication - Started MailApplication in 8.623 seconds (JVM running for 9.674)
26-09-15 15:20:25.887 [http-nio-8081-exec-1] INFO  o.a.c.c.C.[Tomcat].[localhost].[/] - Initializing Spring DispatcherServlet 'dispatcherServlet'
26-09-15 15:20:25.887 [http-nio-8081-exec-1] INFO  o.s.web.servlet.DispatcherServlet - Initializing Servlet 'dispatcherServlet'
26-09-15 15:20:25.888 [http-nio-8081-exec-1] INFO  o.s.web.servlet.DispatcherServlet - Completed initialization in 1 ms
