26-07-19 20:33:16.015 [main] INFO  com.example.mail.MailApplication - Starting MailApplication using Java 21.0.11 on Gaurang-Parmar with PID 12680 (C:\Users\AMD\Desktop\Email AACC\sbi-email-service-backend-main\target\classes started by AMD in C:\Users\AMD\Desktop\Email AACC\sbi-email-service-backend-main)
26-07-19 20:33:16.017 [main] INFO  com.example.mail.MailApplication - The following 1 profile is active: "uat"
26-07-19 20:33:16.939 [main] INFO  o.s.d.r.c.RepositoryConfigurationDelegate - Bootstrapping Spring Data JPA repositories in DEFAULT mode.
26-07-19 20:33:17.011 [main] INFO  o.s.d.r.c.RepositoryConfigurationDelegate - Finished Spring Data repository scanning in 63 ms. Found 6 JPA repository interfaces.
26-07-19 20:33:18.161 [main] WARN  o.s.b.w.s.c.AnnotationConfigServletWebServerApplicationContext - Exception encountered during context initialization - cancelling refresh attempt: org.springframework.context.ApplicationContextException: Unable to start web server; nested exception is org.springframework.beans.factory.BeanCreationException: Error creating bean with name 'tomcatServletWebServerFactory' defined in class path resource [org/springframework/boot/autoconfigure/web/servlet/ServletWebServerFactoryConfiguration$EmbeddedTomcat.class]: Initialization of bean failed; nested exception is org.springframework.beans.factory.UnsatisfiedDependencyException: Error creating bean with name 'servletWebServerFactoryCustomizer' defined in class path resource [org/springframework/boot/autoconfigure/web/servlet/ServletWebServerFactoryAutoConfiguration.class]: Unsatisfied dependency expressed through method 'servletWebServerFactoryCustomizer' parameter 0; nested exception is org.springframework.boot.context.properties.ConfigurationPropertiesBindException: Error creating bean with name 'server-org.springframework.boot.autoconfigure.web.ServerProperties': Could not bind properties to 'ServerProperties' : prefix=server, ignoreInvalidFields=false, ignoreUnknownFields=true; nested exception is org.springframework.boot.context.properties.bind.BindException: Failed to bind properties under 'server.address' to java.net.InetAddress
26-07-19 20:33:18.169 [main] INFO  o.s.b.a.l.ConditionEvaluationReportLoggingListener - 

Error starting ApplicationContext. To display the conditions report re-run your application with 'debug' enabled.
26-07-19 20:33:18.184 [main] ERROR o.s.b.d.LoggingFailureAnalysisReporter - 

***************************
APPLICATION FAILED TO START
***************************

Description:

Failed to bind properties under 'server.address' to java.net.InetAddress:

    Property: server.address
    Value: "SBIVADAACCUAT.tpsbi.com"
    Origin: class path resource [application-uat.properties] - 2:16
    Reason: failed to convert java.lang.String to java.net.InetAddress (caused by java.net.UnknownHostException: No such host is known (SBIVADAACCUAT.tpsbi.com))

Action:

Update your application's configuration

26-07-19 20:33:36.194 [main] INFO  com.example.mail.MailApplication - Starting MailApplication using Java 21.0.11 on Gaurang-Parmar with PID 20704 (C:\Users\AMD\Desktop\Email AACC\sbi-email-service-backend-main\target\classes started by AMD in C:\Users\AMD\Desktop\Email AACC\sbi-email-service-backend-main)
26-07-19 20:33:36.196 [main] INFO  com.example.mail.MailApplication - The following 1 profile is active: "dev"
26-07-19 20:33:36.967 [main] INFO  o.s.d.r.c.RepositoryConfigurationDelegate - Bootstrapping Spring Data JPA repositories in DEFAULT mode.
26-07-19 20:33:37.037 [main] INFO  o.s.d.r.c.RepositoryConfigurationDelegate - Finished Spring Data repository scanning in 61 ms. Found 6 JPA repository interfaces.
26-07-19 20:33:37.944 [main] INFO  o.s.b.w.e.tomcat.TomcatWebServer - Tomcat initialized with port(s): 8081 (http)
26-07-19 20:33:37.954 [main] INFO  o.a.coyote.http11.Http11NioProtocol - Initializing ProtocolHandler ["http-nio-8081"]
26-07-19 20:33:37.956 [main] INFO  o.a.catalina.core.StandardService - Starting service [Tomcat]
26-07-19 20:33:37.956 [main] INFO  o.a.catalina.core.StandardEngine - Starting Servlet engine: [Apache Tomcat/9.0.83]
26-07-19 20:33:38.119 [main] INFO  o.a.c.c.C.[Tomcat].[localhost].[/] - Initializing Spring embedded WebApplicationContext
26-07-19 20:33:38.119 [main] INFO  o.s.b.w.s.c.ServletWebServerApplicationContext - Root WebApplicationContext: initialization completed in 1877 ms
26-07-19 20:33:38.450 [main] INFO  o.h.jpa.internal.util.LogHelper - HHH000204: Processing PersistenceUnitInfo [name: default]
26-07-19 20:33:38.519 [main] INFO  org.hibernate.Version - HHH000412: Hibernate ORM core version 5.6.15.Final
26-07-19 20:33:38.721 [main] INFO  o.h.annotations.common.Version - HCANN000001: Hibernate Commons Annotations {5.1.2.Final}
26-07-19 20:33:38.828 [main] INFO  com.zaxxer.hikari.HikariDataSource - HikariPool-1 - Starting...
26-07-19 20:33:39.117 [main] INFO  com.zaxxer.hikari.HikariDataSource - HikariPool-1 - Start completed.
26-07-19 20:33:39.135 [main] INFO  org.hibernate.dialect.Dialect - HHH000400: Using dialect: org.hibernate.dialect.SQLServerDialect
26-07-19 20:33:40.221 [main] INFO  o.h.e.t.j.p.i.JtaPlatformInitiator - HHH000490: Using JtaPlatform implementation: [org.hibernate.engine.transaction.jta.platform.internal.NoJtaPlatform]
26-07-19 20:33:40.231 [main] INFO  o.s.o.j.LocalContainerEntityManagerFactoryBean - Initialized JPA EntityManagerFactory for persistence unit 'default'
26-07-19 20:33:42.114 [main] WARN  o.s.b.a.o.j.JpaBaseConfiguration$JpaWebConfiguration - spring.jpa.open-in-view is enabled by default. Therefore, database queries may be performed during view rendering. Explicitly configure spring.jpa.open-in-view to disable this warning
26-07-19 20:33:43.081 [main] INFO  o.a.coyote.http11.Http11NioProtocol - Starting ProtocolHandler ["http-nio-8081"]
26-07-19 20:33:43.098 [main] INFO  o.s.b.w.e.tomcat.TomcatWebServer - Tomcat started on port(s): 8081 (http) with context path ''
26-07-19 20:33:43.371 [main] INFO  com.example.mail.MailApplication - Started MailApplication in 7.494 seconds (JVM running for 8.048)
26-07-19 20:34:18.667 [http-nio-8081-exec-1] INFO  o.a.c.c.C.[Tomcat].[localhost].[/] - Initializing Spring DispatcherServlet 'dispatcherServlet'
26-07-19 20:34:18.667 [http-nio-8081-exec-1] INFO  o.s.web.servlet.DispatcherServlet - Initializing Servlet 'dispatcherServlet'
26-07-19 20:34:18.667 [http-nio-8081-exec-1] INFO  o.s.web.servlet.DispatcherServlet - Completed initialization in 0 ms
26-07-19 20:37:57.420 [main] INFO  com.example.mail.MailApplication - Starting MailApplication using Java 21.0.11 on Gaurang-Parmar with PID 21180 (C:\Users\AMD\Desktop\Email AACC\sbi-email-service-backend-main\target\classes started by AMD in C:\Users\AMD\Desktop\Email AACC\sbi-email-service-backend-main)
26-07-19 20:37:57.423 [main] INFO  com.example.mail.MailApplication - The following 1 profile is active: "dev"
26-07-19 20:37:58.186 [main] INFO  o.s.d.r.c.RepositoryConfigurationDelegate - Bootstrapping Spring Data JPA repositories in DEFAULT mode.
26-07-19 20:37:58.253 [main] INFO  o.s.d.r.c.RepositoryConfigurationDelegate - Finished Spring Data repository scanning in 60 ms. Found 6 JPA repository interfaces.
26-07-19 20:37:59.139 [main] INFO  o.s.b.w.e.tomcat.TomcatWebServer - Tomcat initialized with port(s): 8081 (http)
26-07-19 20:37:59.145 [main] INFO  o.a.coyote.http11.Http11NioProtocol - Initializing ProtocolHandler ["http-nio-8081"]
26-07-19 20:37:59.148 [main] INFO  o.a.catalina.core.StandardService - Starting service [Tomcat]
26-07-19 20:37:59.148 [main] INFO  o.a.catalina.core.StandardEngine - Starting Servlet engine: [Apache Tomcat/9.0.83]
26-07-19 20:37:59.309 [main] INFO  o.a.c.c.C.[Tomcat].[localhost].[/] - Initializing Spring embedded WebApplicationContext
26-07-19 20:37:59.309 [main] INFO  o.s.b.w.s.c.ServletWebServerApplicationContext - Root WebApplicationContext: initialization completed in 1844 ms
26-07-19 20:37:59.652 [main] INFO  o.h.jpa.internal.util.LogHelper - HHH000204: Processing PersistenceUnitInfo [name: default]
26-07-19 20:37:59.703 [main] INFO  org.hibernate.Version - HHH000412: Hibernate ORM core version 5.6.15.Final
26-07-19 20:37:59.847 [main] INFO  o.h.annotations.common.Version - HCANN000001: Hibernate Commons Annotations {5.1.2.Final}
26-07-19 20:37:59.944 [main] INFO  com.zaxxer.hikari.HikariDataSource - HikariPool-1 - Starting...
26-07-19 20:38:00.249 [main] INFO  com.zaxxer.hikari.HikariDataSource - HikariPool-1 - Start completed.
26-07-19 20:38:00.264 [main] INFO  org.hibernate.dialect.Dialect - HHH000400: Using dialect: org.hibernate.dialect.SQLServerDialect
26-07-19 20:38:01.073 [main] INFO  o.h.e.t.j.p.i.JtaPlatformInitiator - HHH000490: Using JtaPlatform implementation: [org.hibernate.engine.transaction.jta.platform.internal.NoJtaPlatform]
26-07-19 20:38:01.081 [main] INFO  o.s.o.j.LocalContainerEntityManagerFactoryBean - Initialized JPA EntityManagerFactory for persistence unit 'default'
26-07-19 20:38:02.867 [main] WARN  o.s.b.a.o.j.JpaBaseConfiguration$JpaWebConfiguration - spring.jpa.open-in-view is enabled by default. Therefore, database queries may be performed during view rendering. Explicitly configure spring.jpa.open-in-view to disable this warning
26-07-19 20:38:03.835 [main] INFO  o.a.coyote.http11.Http11NioProtocol - Starting ProtocolHandler ["http-nio-8081"]
26-07-19 20:38:03.856 [main] INFO  o.s.b.w.e.tomcat.TomcatWebServer - Tomcat started on port(s): 8081 (http) with context path ''
26-07-19 20:38:04.134 [main] INFO  com.example.mail.MailApplication - Started MailApplication in 7.096 seconds (JVM running for 7.648)
26-07-19 20:38:36.874 [http-nio-8081-exec-1] INFO  o.a.c.c.C.[Tomcat].[localhost].[/] - Initializing Spring DispatcherServlet 'dispatcherServlet'
26-07-19 20:38:36.874 [http-nio-8081-exec-1] INFO  o.s.web.servlet.DispatcherServlet - Initializing Servlet 'dispatcherServlet'
26-07-19 20:38:36.876 [http-nio-8081-exec-1] INFO  o.s.web.servlet.DispatcherServlet - Completed initialization in 2 ms
26-07-19 20:58:07.103 [main] INFO  com.example.mail.MailApplication - Starting MailApplication using Java 21.0.11 on Gaurang-Parmar with PID 25468 (C:\Users\AMD\Desktop\Email AACC\sbi-email-service-backend-main\target\classes started by AMD in C:\Users\AMD\Desktop\Email AACC\sbi-email-service-backend-main)
26-07-19 20:58:07.105 [main] INFO  com.example.mail.MailApplication - The following 1 profile is active: "dev"
26-07-19 20:58:08.046 [main] INFO  o.s.d.r.c.RepositoryConfigurationDelegate - Bootstrapping Spring Data JPA repositories in DEFAULT mode.
26-07-19 20:58:08.126 [main] INFO  o.s.d.r.c.RepositoryConfigurationDelegate - Finished Spring Data repository scanning in 72 ms. Found 6 JPA repository interfaces.
26-07-19 20:58:09.250 [main] INFO  o.s.b.w.e.tomcat.TomcatWebServer - Tomcat initialized with port(s): 8081 (http)
26-07-19 20:58:09.263 [main] INFO  o.a.coyote.http11.Http11NioProtocol - Initializing ProtocolHandler ["http-nio-8081"]
26-07-19 20:58:09.267 [main] INFO  o.a.catalina.core.StandardService - Starting service [Tomcat]
26-07-19 20:58:09.267 [main] INFO  o.a.catalina.core.StandardEngine - Starting Servlet engine: [Apache Tomcat/9.0.83]
26-07-19 20:58:09.438 [main] INFO  o.a.c.c.C.[Tomcat].[localhost].[/] - Initializing Spring embedded WebApplicationContext
26-07-19 20:58:09.438 [main] INFO  o.s.b.w.s.c.ServletWebServerApplicationContext - Root WebApplicationContext: initialization completed in 2276 ms
26-07-19 20:58:10.001 [main] INFO  o.h.jpa.internal.util.LogHelper - HHH000204: Processing PersistenceUnitInfo [name: default]
26-07-19 20:58:10.055 [main] INFO  org.hibernate.Version - HHH000412: Hibernate ORM core version 5.6.15.Final
26-07-19 20:58:10.259 [main] INFO  o.h.annotations.common.Version - HCANN000001: Hibernate Commons Annotations {5.1.2.Final}
26-07-19 20:58:10.402 [main] INFO  com.zaxxer.hikari.HikariDataSource - HikariPool-1 - Starting...
26-07-19 20:58:10.806 [main] INFO  com.zaxxer.hikari.HikariDataSource - HikariPool-1 - Start completed.
26-07-19 20:58:10.839 [main] INFO  org.hibernate.dialect.Dialect - HHH000400: Using dialect: org.hibernate.dialect.SQLServerDialect
26-07-19 20:58:11.984 [main] INFO  o.h.e.t.j.p.i.JtaPlatformInitiator - HHH000490: Using JtaPlatform implementation: [org.hibernate.engine.transaction.jta.platform.internal.NoJtaPlatform]
26-07-19 20:58:11.993 [main] INFO  o.s.o.j.LocalContainerEntityManagerFactoryBean - Initialized JPA EntityManagerFactory for persistence unit 'default'
26-07-19 20:58:14.354 [main] WARN  o.s.b.a.o.j.JpaBaseConfiguration$JpaWebConfiguration - spring.jpa.open-in-view is enabled by default. Therefore, database queries may be performed during view rendering. Explicitly configure spring.jpa.open-in-view to disable this warning
26-07-19 20:58:15.758 [main] INFO  o.a.coyote.http11.Http11NioProtocol - Starting ProtocolHandler ["http-nio-8081"]
26-07-19 20:58:15.785 [main] INFO  o.s.b.w.e.tomcat.TomcatWebServer - Tomcat started on port(s): 8081 (http) with context path ''
26-07-19 20:58:16.204 [main] INFO  com.example.mail.MailApplication - Started MailApplication in 9.462 seconds (JVM running for 10.07)
26-07-19 20:58:21.497 [http-nio-8081-exec-2] INFO  o.a.c.c.C.[Tomcat].[localhost].[/] - Initializing Spring DispatcherServlet 'dispatcherServlet'
26-07-19 20:58:21.498 [http-nio-8081-exec-2] INFO  o.s.web.servlet.DispatcherServlet - Initializing Servlet 'dispatcherServlet'
26-07-19 20:58:21.499 [http-nio-8081-exec-2] INFO  o.s.web.servlet.DispatcherServlet - Completed initialization in 1 ms
